Component: ARM Compiler 5.06 update 6 (build 750) Tool: armlink [4d35ed]

==============================================================================

Section Cross References

    startup_stm32f103xe.o(RESET) refers to startup_stm32f103xe.o(STACK) for __initial_sp
    startup_stm32f103xe.o(RESET) refers to startup_stm32f103xe.o(.text) for Reset_Handler
    startup_stm32f103xe.o(RESET) refers to stm32f1xx_it.o(i.NMI_Handler) for NMI_Handler
    startup_stm32f103xe.o(RESET) refers to stm32f1xx_it.o(i.HardFault_Handler) for HardFault_Handler
    startup_stm32f103xe.o(RESET) refers to stm32f1xx_it.o(i.MemManage_Handler) for MemManage_Handler
    startup_stm32f103xe.o(RESET) refers to stm32f1xx_it.o(i.BusFault_Handler) for BusFault_Handler
    startup_stm32f103xe.o(RESET) refers to stm32f1xx_it.o(i.UsageFault_Handler) for UsageFault_Handler
    startup_stm32f103xe.o(RESET) refers to stm32f1xx_it.o(i.SVC_Handler) for SVC_Handler
    startup_stm32f103xe.o(RESET) refers to stm32f1xx_it.o(i.DebugMon_Handler) for DebugMon_Handler
    startup_stm32f103xe.o(RESET) refers to stm32f1xx_it.o(i.PendSV_Handler) for PendSV_Handler
    startup_stm32f103xe.o(RESET) refers to stm32f1xx_it.o(i.SysTick_Handler) for SysTick_Handler
    startup_stm32f103xe.o(RESET) refers to stm32f1xx_it.o(i.TIM3_IRQHandler) for TIM3_IRQHandler
    startup_stm32f103xe.o(RESET) refers to stm32f1xx_it.o(i.SPI2_IRQHandler) for SPI2_IRQHandler
    startup_stm32f103xe.o(RESET) refers to stm32f1xx_it.o(i.USART3_IRQHandler) for USART3_IRQHandler
    startup_stm32f103xe.o(RESET) refers to stm32f1xx_it.o(i.RTC_Alarm_IRQHandler) for RTC_Alarm_IRQHandler
    startup_stm32f103xe.o(RESET) refers to stm32f1xx_it.o(i.TIM6_IRQHandler) for TIM6_IRQHandler
    startup_stm32f103xe.o(.text) refers to system_stm32f1xx.o(i.SystemInit) for SystemInit
    startup_stm32f103xe.o(.text) refers to entry.o(.ARM.Collect$$$$00000000) for __main
    led_indicator.o(i.LED2_turn_off) refers to stm32f1xx_hal_gpio.o(i.HAL_GPIO_WritePin) for HAL_GPIO_WritePin
    led_indicator.o(i.LED2_turn_off) refers to stm32f1xx_hal.o(i.HAL_Delay) for HAL_Delay
    led_indicator.o(i.LED2_turn_on) refers to stm32f1xx_hal_gpio.o(i.HAL_GPIO_WritePin) for HAL_GPIO_WritePin
    led_indicator.o(i.LED2_turn_on) refers to stm32f1xx_hal.o(i.HAL_Delay) for HAL_Delay
    led_indicator.o(i.LED_the_result_no_good) refers to stm32f1xx_hal_gpio.o(i.HAL_GPIO_WritePin) for HAL_GPIO_WritePin
    led_indicator.o(i.LED_the_result_no_good) refers to stm32f1xx_hal.o(i.HAL_Delay) for HAL_Delay
    led_indicator.o(i.LED_the_result_ok) refers to stm32f1xx_hal_gpio.o(i.HAL_GPIO_WritePin) for HAL_GPIO_WritePin
    led_indicator.o(i.LED_the_result_ok) refers to stm32f1xx_hal.o(i.HAL_Delay) for HAL_Delay
    led_indicator.o(i.LED_turn_OFF_RGB) refers to stm32f1xx_hal_gpio.o(i.HAL_GPIO_WritePin) for HAL_GPIO_WritePin
    led_indicator.o(i.LED_turn_OFF_RGB) refers to stm32f1xx_hal.o(i.HAL_Delay) for HAL_Delay
    led_indicator.o(i.LED_turn_ON_RGB) refers to stm32f1xx_hal_gpio.o(i.HAL_GPIO_WritePin) for HAL_GPIO_WritePin
    led_indicator.o(i.LED_turn_ON_RGB) refers to stm32f1xx_hal.o(i.HAL_Delay) for HAL_Delay
    led_indicator.o(i.LED_turn_off) refers to stm32f1xx_hal_gpio.o(i.HAL_GPIO_WritePin) for HAL_GPIO_WritePin
    led_indicator.o(i.LED_turn_off) refers to stm32f1xx_hal.o(i.HAL_Delay) for HAL_Delay
    led_indicator.o(i.LED_turn_on) refers to stm32f1xx_hal_gpio.o(i.HAL_GPIO_WritePin) for HAL_GPIO_WritePin
    led_indicator.o(i.LED_turn_on) refers to stm32f1xx_hal.o(i.HAL_Delay) for HAL_Delay
    check_on_statup.o(i.check_on_startup) refers to led_indicator.o(i.LED_turn_ON_RGB) for LED_turn_ON_RGB
    check_on_statup.o(i.check_on_startup) refers to stm32f1xx_hal.o(i.HAL_Delay) for HAL_Delay
    check_on_statup.o(i.check_on_startup) refers to esp8266.o(i.ESP8266_Check_connection) for ESP8266_Check_connection
    check_on_statup.o(i.check_on_startup) refers to led_indicator.o(i.LED_the_result_ok) for LED_the_result_ok
    check_on_statup.o(i.check_on_startup) refers to led_indicator.o(i.LED_the_result_no_good) for LED_the_result_no_good
    check_on_statup.o(i.check_on_startup) refers to led_indicator.o(i.LED_turn_OFF_RGB) for LED_turn_OFF_RGB
    check_on_statup.o(i.check_on_startup) refers to stm32f1xx_hal_iwdg.o(i.HAL_IWDG_Refresh) for HAL_IWDG_Refresh
    check_on_statup.o(i.check_on_startup) refers to honeywel_dust_meas.o(i.hpmStopAutoSend) for hpmStopAutoSend
    check_on_statup.o(i.check_on_startup) refers to honeywel_dust_meas.o(i.hpmStopParticleMeasurement) for hpmStopParticleMeasurement
    check_on_statup.o(i.check_on_startup) refers to ccs811-hdc1080.o(i.hdc1080_init) for hdc1080_init
    check_on_statup.o(i.check_on_startup) refers to ccs811-hdc1080.o(i.configureCCS811) for configureCCS811
    check_on_statup.o(i.check_on_startup) refers to svm30.o(i.svm_probe) for svm_probe
    check_on_statup.o(i.check_on_startup) refers to main.o(.bss) for hiwdg
[...]
    MX_USART2_UART_Init                      0x08004a0d   Thumb Code    46  main.o(i.MX_USART2_UART_Init)
    i.MX_USART3_UART_Init                    0x08004a44   Section        0  main.o(i.MX_USART3_UART_Init)
    MX_USART3_UART_Init                      0x08004a45   Thumb Code    46  main.o(i.MX_USART3_UART_Init)
    i.MemManage_Handler                      0x08004a7c   Section        0  stm32f1xx_it.o(i.MemManage_Handler)
    i.NMI_Handler                            0x08004a80   Section        0  stm32f1xx_it.o(i.NMI_Handler)
    i.NVIC_GetPriorityGrouping               0x08004a84   Section        0  stm32f1xx_hal_cortex.o(i.NVIC_GetPriorityGrouping)
    NVIC_GetPriorityGrouping                 0x08004a85   Thumb Code    10  stm32f1xx_hal_cortex.o(i.NVIC_GetPriorityGrouping)
    i.NVIC_SetPriority                       0x08004a94   Section        0  stm32f1xx_hal_cortex.o(i.NVIC_SetPriority)
    NVIC_SetPriority                         0x08004a95   Thumb Code    32  stm32f1xx_hal_cortex.o(i.NVIC_SetPriority)
    i.PendSV_Handler                         0x08004abc   Section        0  stm32f1xx_it.o(i.PendSV_Handler)
    i.RCC_Delay                              0x08004ac0   Section        0  stm32f1xx_hal_rcc.o(i.RCC_Delay)
    RCC_Delay                                0x08004ac1   Thumb Code    36  stm32f1xx_hal_rcc.o(i.RCC_Delay)
    i.RTC_Alarm_IRQHandler                   0x08004ae8   Section        0  stm32f1xx_it.o(i.RTC_Alarm_IRQHandler)
    i.RTC_Bcd2ToByte                         0x08004afc   Section        0  stm32f1xx_hal_rtc.o(i.RTC_Bcd2ToByte)
    RTC_Bcd2ToByte                           0x08004afd   Thumb Code    22  stm32f1xx_hal_rtc.o(i.RTC_Bcd2ToByte)
    i.RTC_ByteToBcd2                         0x08004b12   Section        0  stm32f1xx_hal_rtc.o(i.RTC_ByteToBcd2)
    RTC_ByteToBcd2                           0x08004b13   Thumb Code    26  stm32f1xx_hal_rtc.o(i.RTC_ByteToBcd2)
    i.RTC_DateUpdate                         0x08004b2c   Section        0  stm32f1xx_hal_rtc.o(i.RTC_DateUpdate)
    RTC_DateUpdate                           0x08004b2d   Thumb Code   182  stm32f1xx_hal_rtc.o(i.RTC_DateUpdate)
    i.RTC_EnterInitMode                      0x08004be2   Section        0  stm32f1xx_hal_rtc.o(i.RTC_EnterInitMode)
    RTC_EnterInitMode                        0x08004be3   Thumb Code    58  stm32f1xx_hal_rtc.o(i.RTC_EnterInitMode)
    i.RTC_ExitInitMode                       0x08004c1c   Section        0  stm32f1xx_hal_rtc.o(i.RTC_ExitInitMode)
    RTC_ExitInitMode                         0x08004c1d   Thumb Code    58  stm32f1xx_hal_rtc.o(i.RTC_ExitInitMode)
    i.RTC_IsLeapYear                         0x08004c56   Section        0  stm32f1xx_hal_rtc.o(i.RTC_IsLeapYear)
    RTC_IsLeapYear                           0x08004c57   Thumb Code    50  stm32f1xx_hal_rtc.o(i.RTC_IsLeapYear)
    i.RTC_ReadAlarmCounter                   0x08004c88   Section        0  stm32f1xx_hal_rtc.o(i.RTC_ReadAlarmCounter)
    RTC_ReadAlarmCounter                     0x08004c89   Thumb Code    24  stm32f1xx_hal_rtc.o(i.RTC_ReadAlarmCounter)
    i.RTC_ReadTimeCounter                    0x08004ca0   Section        0  stm32f1xx_hal_rtc.o(i.RTC_ReadTimeCounter)
    RTC_ReadTimeCounter                      0x08004ca1   Thumb Code    52  stm32f1xx_hal_rtc.o(i.RTC_ReadTimeCounter)
    i.RTC_WeekDayNum                         0x08004cd4   Section        0  stm32f1xx_hal_rtc.o(i.RTC_WeekDayNum)
    RTC_WeekDayNum                           0x08004cd5   Thumb Code   132  stm32f1xx_hal_rtc.o(i.RTC_WeekDayNum)
    i.RTC_WriteAlarmCounter                  0x08004d58   Section        0  stm32f1xx_hal_rtc.o(i.RTC_WriteAlarmCounter)
    RTC_WriteAlarmCounter                    0x08004d59   Thumb Code    46  stm32f1xx_hal_rtc.o(i.RTC_WriteAlarmCounter)
    i.RTC_WriteTimeCounter                   0x08004d86   Section        0  stm32f1xx_hal_rtc.o(i.RTC_WriteTimeCounter)
    RTC_WriteTimeCounter                     0x08004d87   Thumb Code    46  stm32f1xx_hal_rtc.o(i.RTC_WriteTimeCounter)
    i.SPI2_IRQHandler                        0x08004db4   Section        0  stm32f1xx_it.o(i.SPI2_IRQHandler)
    i.SPI_DMAAbortOnError                    0x08004dc4   Section        0  stm32f1xx_hal_spi.o(i.SPI_DMAAbortOnError)
    SPI_DMAAbortOnError                      0x08004dc5   Thumb Code    20  stm32f1xx_hal_spi.o(i.SPI_DMAAbortOnError)
    i.SVC_Handler                            0x08004dd8   Section        0  stm32f1xx_it.o(i.SVC_Handler)
    i.Server_request_data                    0x08004ddc   Section        0  esp8266.o(i.Server_request_data)
    i.SysTick_Handler                        0x08004e18   Section        0  stm32f1xx_it.o(i.SysTick_Handler)
    i.SystemClock_Config                     0x08004e1a   Section        0  main.o(i.SystemClock_Config)
    i.SystemInit                             0x08004ea8   Section        0  system_stm32f1xx.o(i.SystemInit)
    i.TIM3_IRQHandler                        0x08004f00   Section        0  stm32f1xx_it.o(i.TIM3_IRQHandler)
    i.TIM6_IRQHandler                        0x08004f10   Section        0  stm32f1xx_it.o(i.TIM6_IRQHandler)
    i.TIM_Base_SetConfig                     0x08004f20   Section        0  stm32f1xx_hal_tim.o(i.TIM_Base_SetConfig)
    i.UART_DMAAbortOnError                   0x08004fb8   Section        0  stm32f1xx_hal_uart.o(i.UART_DMAAbortOnError)
    UART_DMAAbortOnError                     0x08004fb9   Thumb Code    20  stm32f1xx_hal_uart.o(i.UART_DMAAbortOnError)
    i.UART_EndRxTransfer                     0x08004fcc   Section        0  stm32f1xx_hal_uart.o(i.UART_EndRxTransfer)
    UART_EndRxTransfer                       0x08004fcd   Thumb Code    32  stm32f1xx_hal_uart.o(i.UART_EndRxTransfer)
    i.UART_EndTransmit_IT                    0x08004fec   Section        0  stm32f1xx_hal_uart.o(i.UART_EndTransmit_IT)
    UART_EndTransmit_IT                      0x08004fed   Thumb Code    32  stm32f1xx_hal_uart.o(i.UART_EndTransmit_IT)
    i.UART_Receive_IT                        0x0800500c   Section        0  stm32f1xx_hal_uart.o(i.UART_Receive_IT)
    UART_Receive_IT                          0x0800500d   Thumb Code   166  stm32f1xx_hal_uart.o(i.UART_Receive_IT)
    i.UART_SetConfig                         0x080050b4   Section        0  stm32f1xx_hal_uart.o(i.UART_SetConfig)
    UART_SetConfig                           0x080050b5   Thumb Code   450  stm32f1xx_hal_uart.o(i.UART_SetConfig)
    i.UART_Transmit_IT                       0x0800527c   Section        0  stm32f1xx_hal_uart.o(i.UART_Transmit_IT)
    UART_Transmit_IT                         0x0800527d   Thumb Code   104  stm32f1xx_hal_uart.o(i.UART_Transmit_IT)
    i.UART_WaitOnFlagUntilTimeout            0x080052e4   Section        0  stm32f1xx_hal_uart.o(i.UART_WaitOnFlagUntilTimeout)
    UART_WaitOnFlagUntilTimeout              0x080052e5   Thumb Code   108  stm32f1xx_hal_uart.o(i.UART_WaitOnFlagUntilTimeout)
    i.USART3_IRQHandler                      0x08005350   Section        0  stm32f1xx_it.o(i.USART3_IRQHandler)
    i.UsageFault_Handler                     0x08005378   Section        0  stm32f1xx_it.o(i.UsageFault_Handler)
    i.__ARM_fpclassify                       0x0800537c   Section        0  fpclassify.o(i.__ARM_fpclassify)
    i.__kernel_poly                          0x080053a4   Section        0  poly.o(i.__kernel_poly)
    i.__mathlib_dbl_divzero                  0x08005450   Section        0  dunder.o(i.__mathlib_dbl_divzero)
    i.__mathlib_dbl_infnan2                  0x08005460   Section        0  dunder.o(i.__mathlib_dbl_infnan2)
    i.__mathlib_dbl_invalid                  0x08005464   Section        0  dunder.o(i.__mathlib_dbl_invalid)
    i.__mathlib_dbl_overflow                 0x08005470   Section        0  dunder.o(i.__mathlib_dbl_overflow)
    i.__mathlib_dbl_underflow                0x08005480   Section        0  dunder.o(i.__mathlib_dbl_underflow)
    i.__scatterload_copy                     0x08005490   Section       14  handlers.o(i.__scatterload_copy)
    i.__scatterload_null                     0x0800549e   Section        2  handlers.o(i.__scatterload_null)
    i.__scatterload_zeroinit                 0x080054a0   Section       14  handlers.o(i.__scatterload_zeroinit)
    i.__set_errno                            0x080054b0   Section        0  errno.o(i.__set_errno)
    i.appValid                               0x080054bc   Section        0  ccs811-hdc1080.o(i.appValid)
    i.checkForError                          0x080054d8   Section        0  ccs811-hdc1080.o(i.checkForError)
    i.check_on_startup                       0x080054fc   Section        0  check_on_statup.o(i.check_on_startup)
    i.configureCCS811                        0x08005600   Section        0  ccs811-hdc1080.o(i.configureCCS811)
    i.disableInterrupts                      0x080056a8   Section        0  ccs811-hdc1080.o(i.disableInterrupts)
    i.getO3                                  0x080056c0   Section        0  ozone.o(i.getO3)
    i.hdc1080_init                           0x0800574c   Section        0  ccs811-hdc1080.o(i.hdc1080_init)
    i.hdc1080_start_measurement              0x080057a4   Section        0  ccs811-hdc1080.o(i.hdc1080_start_measurement)
    i.hpmCalculateChecksum                   0x08005868   Section        0  honeywel_dust_meas.o(i.hpmCalculateChecksum)
    hpmCalculateChecksum                     0x08005869   Thumb Code    30  honeywel_dust_meas.o(i.hpmCalculateChecksum)
    i.hpmGetComplexAckResponse               0x08005886   Section        0  honeywel_dust_meas.o(i.hpmGetComplexAckResponse)
    hpmGetComplexAckResponse                 0x08005887   Thumb Code   154  honeywel_dust_meas.o(i.hpmGetComplexAckResponse)
    i.hpmGetSimpleAckResponse                0x08005920   Section        0  honeywel_dust_meas.o(i.hpmGetSimpleAckResponse)
    hpmGetSimpleAckResponse                  0x08005921   Thumb Code    62  honeywel_dust_meas.o(i.hpmGetSimpleAckResponse)
    i.hpmReadResults                         0x0800595e   Section        0  honeywel_dust_meas.o(i.hpmReadResults)
    i.hpmSendCommand                         0x080059e4   Section        0  honeywel_dust_meas.o(i.hpmSendCommand)
    hpmSendCommand                           0x080059e5   Thumb Code    82  honeywel_dust_meas.o(i.hpmSendCommand)
    i.hpmStartParticleMeasurement            0x08005a36   Section        0  honeywel_dust_meas.o(i.hpmStartParticleMeasurement)
    i.hpmStopAutoSend                        0x08005a6c   Section        0  honeywel_dust_meas.o(i.hpmStopAutoSend)
    i.hpmStopParticleMeasurement             0x08005aa2   Section        0  honeywel_dust_meas.o(i.hpmStopParticleMeasurement)
    i.hpmUartRx                              0x08005ad8   Section        0  honeywel_dust_meas.o(i.hpmUartRx)
    hpmUartRx                                0x08005ad9   Thumb Code    32  honeywel_dust_meas.o(i.hpmUartRx)
    i.hpmUartTx                              0x08005afc   Section        0  honeywel_dust_meas.o(i.hpmUartTx)
    hpmUartTx                                0x08005afd   Thumb Code    24  honeywel_dust_meas.o(i.hpmUartTx)
    i.main                                   0x08005b18   Section        0  main.o(i.main)
    i.pow                                    0x08005be0   Section        0  pow.o(i.pow)
    i.readAlgorithmResults                   0x080065b8   Section        0  ccs811-hdc1080.o(i.readAlgorithmResults)
    i.readRegister                           0x08006614   Section        0  ccs811-hdc1080.o(i.readRegister)
    i.readRs                                 0x08006640   Section        0  ozone.o(i.readRs)
    i.read_adc_value                         0x080066b4   Section        0  ozone.o(i.read_adc_value)
    i.resend_command                         0x0800670c   Section        0  esp8266.o(i.resend_command)
    i.send_data_to_esp                       0x08006724   Section        0  check_on_statup.o(i.send_data_to_esp)
    i.sensirion_calc_absolute_humidity       0x08006820   Section        0  svm30.o(i.sensirion_calc_absolute_humidity)
    sensirion_calc_absolute_humidity         0x08006821   Thumb Code   120  svm30.o(i.sensirion_calc_absolute_humidity)
    i.sensirion_common_check_crc             0x080068a0   Section        0  svm30.o(i.sensirion_common_check_crc)
    i.sensirion_common_generate_crc          0x080068be   Section        0  svm30.o(i.sensirion_common_generate_crc)
    i.sensirion_fill_cmd_send_buf            0x080068f8   Section        0  svm30.o(i.sensirion_fill_cmd_send_buf)
    i.sensirion_i2c_delayed_read_cmd         0x08006956   Section        0  svm30.o(i.sensirion_i2c_delayed_read_cmd)
    i.sensirion_i2c_read                     0x08006998   Section        0  svm30.o(i.sensirion_i2c_read)
    i.sensirion_i2c_read_bytes               0x080069b8   Section        0  svm30.o(i.sensirion_i2c_read_bytes)
    i.sensirion_i2c_read_words               0x08006a24   Section        0  svm30.o(i.sensirion_i2c_read_words)
    i.sensirion_i2c_write                    0x08006a64   Section        0  svm30.o(i.sensirion_i2c_write)
    i.sensirion_i2c_write_cmd                0x08006a84   Section        0  svm30.o(i.sensirion_i2c_write_cmd)
    i.sensirion_i2c_write_cmd_with_args      0x08006aa2   Section        0  svm30.o(i.sensirion_i2c_write_cmd_with_args)
    i.setDriveMode                           0x08006ad0   Section        0  ccs811-hdc1080.o(i.setDriveMode)
    i.setEnvironmentalData                   0x08006b14   Section        0  ccs811-hdc1080.o(i.setEnvironmentalData)
    i.sgp30_check_featureset                 0x08006c74   Section        0  svm30.o(i.sgp30_check_featureset)
    sgp30_check_featureset                   0x08006c75   Thumb Code    50  svm30.o(i.sgp30_check_featureset)
    i.sgp30_get_feature_set_version          0x08006ca6   Section        0  svm30.o(i.sgp30_get_feature_set_version)
    i.sgp30_iaq_init                         0x08006cda   Section        0  svm30.o(i.sgp30_iaq_init)
    i.sgp30_measure_iaq                      0x08006cf2   Section        0  svm30.o(i.sgp30_measure_iaq)
    i.sgp30_measure_iaq_blocking_read        0x08006d00   Section        0  svm30.o(i.sgp30_measure_iaq_blocking_read)
    i.sgp30_probe                            0x08006d24   Section        0  svm30.o(i.sgp30_probe)
    i.sgp30_read_iaq                         0x08006d3a   Section        0  svm30.o(i.sgp30_read_iaq)
    i.sgp30_set_absolute_humidity            0x08006d5c   Section        0  svm30.o(i.sgp30_set_absolute_humidity)
    i.shtc1_measure                          0x08006d8c   Section        0  svm30.o(i.shtc1_measure)
    i.shtc1_measure_blocking_read            0x08006da0   Section        0  svm30.o(i.shtc1_measure_blocking_read)
    i.shtc1_probe                            0x08006dc2   Section        0  svm30.o(i.shtc1_probe)
    i.shtc1_read                             0x08006dd0   Section        0  svm30.o(i.shtc1_read)
    i.shtc1_read_serial                      0x08006e08   Section        0  svm30.o(i.shtc1_read_serial)
    i.shtc1_wake_up                          0x08006e7c   Section        0  svm30.o(i.shtc1_wake_up)
    i.sqrt                                   0x08006e8a   Section        0  sqrt.o(i.sqrt)
    i.svm_compensate_rht                     0x08006ed6   Section        0  svm30.o(i.svm_compensate_rht)
    svm_compensate_rht                       0x08006ed7   Thumb Code    34  svm30.o(i.svm_compensate_rht)
    i.svm_measure_iaq_blocking_read          0x08006ef8   Section        0  svm30.o(i.svm_measure_iaq_blocking_read)
    i.svm_probe                              0x08006f42   Section        0  svm30.o(i.svm_probe)
    i.svm_set_humidity                       0x08006f56   Section        0  svm30.o(i.svm_set_humidity)
    svm_set_humidity                         0x08006f57   Thumb Code    28  svm30.o(i.svm_set_humidity)
    i.task_every_5_min                       0x08006f74   Section        0  check_on_statup.o(i.task_every_5_min)
    i.writeRegister                          0x080071cc   Section        0  ccs811-hdc1080.o(i.writeRegister)
    .constdata                               0x080071f4   Section       42  svm30.o(.constdata)
    AH_LUT_100RH                             0x080071f4   Data          40  svm30.o(.constdata)
    .constdata                               0x0800721e   Section       24  system_stm32f1xx.o(.constdata)
    .constdata                               0x08007238   Section      136  pow.o(.constdata)
    bp                                       0x08007238   Data          16  pow.o(.constdata)
    dp_h                                     0x08007248   Data          16  pow.o(.constdata)
    dp_l                                     0x08007258   Data          16  pow.o(.constdata)
    L                                        0x08007268   Data          48  pow.o(.constdata)
    P                                        0x08007298   Data          40  pow.o(.constdata)
    .constdata                               0x080072c0   Section        8  qnan.o(.constdata)
    .data                                    0x20000000   Section       28  check_on_statup.o(.data)
    .data                                    0x2000001c   Section        8  svm30.o(.data)
    shtc1_cmd_measure                        0x2000001c   Data           2  svm30.o(.data)
    .data                                    0x20000024   Section        9  esp8266.o(.data)
    .data                                    0x20000030   Section       28  main.o(.data)
    .data                                    0x2000004c   Section       36  ccs811-hdc1080.o(.data)
    .data                                    0x20000070   Section        9  stm32f1xx_hal.o(.data)
    .data                                    0x2000007c   Section        4  system_stm32f1xx.o(.data)
    .data                                    0x20000080   Section        4  errno.o(.data)
    _errno                                   0x20000080   Data           4  errno.o(.data)
    .bss                                     0x20000084   Section      168  check_on_statup.o(.bss)
    .bss                                     0x2000012c   Section       14  esp8266.o(.bss)
    .bss                                     0x2000013c   Section      596  main.o(.bss)
    .bss                                     0x20000390   Section       64  stm32f1xx_hal_timebase_tim.o(.bss)
    STACK                                    0x200003d0   Section     1024  startup_stm32f103xe.o(STACK)

    Global Symbols

    Symbol Name                              Value     Ov Type        Size  Object(Section)

    BuildAttributes$$THM_ISAv4$P$D$K$B$S$PE$A:L22UL41UL21$X:L11$S22US41US21$IEEE1$IW$USESV6$~STKCKD$USESV7$~SHL$OTIME$ROPI$IEEEX$EBA8$MICROLIB$REQ8$PRES8$EABIv2 0x00000000   Number         0  anon$$obj.o ABSOLUTE
    __ARM_use_no_argv                        0x00000000   Number         0  main.o ABSOLUTE
    __cpp_initialize__aeabi_                  - Undefined Weak Reference
    __cxa_finalize                            - Undefined Weak Reference
    __decompress                              - Undefined Weak Reference
    _clock_init                               - Undefined Weak Reference
    _microlib_exit                            - Undefined Weak Reference
    __Vectors_Size                           0x00000130   Number         0  startup_stm32f103xe.o ABSOLUTE
    __Vectors                                0x08000000   Data           4  startup_stm32f103xe.o(RESET)
    __Vectors_End                            0x08000130   Data           0  startup_stm32f103xe.o(RESET)
    __main                                   0x08000131   Thumb Code     0  entry.o(.ARM.Collect$$$$00000000)
    _main_stk                                0x08000131   Thumb Code     0  entry2.o(.ARM.Collect$$$$00000001)
    _main_scatterload                        0x08000135   Thumb Code     0  entry5.o(.ARM.Collect$$$$00000004)
    __main_after_scatterload                 0x08000139   Thumb Code     0  entry5.o(.ARM.Collect$$$$00000004)
    _main_clock                              0x08000139   Thumb Code     0  entry7b.o(.ARM.Collect$$$$00000008)
    _main_cpp_init                           0x08000139   Thumb Code     0  entry8b.o(.ARM.Collect$$$$0000000A)
    _main_init                               0x08000139   Thumb Code     0  entry9a.o(.ARM.Collect$$$$0000000B)
    __rt_final_cpp                           0x08000141   Thumb Code     0  entry10a.o(.ARM.Collect$$$$0000000D)
    __rt_final_exit                          0x08000141   Thumb Code     0  entry11a.o(.ARM.Collect$$$$0000000F)
    Reset_Handler                            0x08000145   Thumb Code     8  startup_stm32f103xe.o(.text)
    ADC1_2_IRQHandler                        0x0800015f   Thumb Code     0  startup_stm32f103xe.o(.text)
    ADC3_IRQHandler                          0x0800015f   Thumb Code     0  startup_stm32f103xe.o(.text)
    CAN1_RX1_IRQHandler                      0x0800015f   Thumb Code     0  startup_stm32f103xe.o(.text)
    CAN1_SCE_IRQHandler                      0x0800015f   Thumb Code     0  startup_stm32f103xe.o(.text)
    DMA1_Channel1_IRQHandler                 0x0800015f   Thumb Code     0  startup_stm32f103xe.o(.text)
    DMA1_Channel2_IRQHandler                 0x0800015f   Thumb Code     0  startup_stm32f103xe.o(.text)
    DMA1_Channel3_IRQHandler                 0x0800015f   Thumb Code     0  startup_stm32f103xe.o(.text)
    DMA1_Channel4_IRQHandler                 0x0800015f   Thumb Code     0  startup_stm32f103xe.o(.text)
    DMA1_Channel5_IRQHandler                 0x0800015f   Thumb Code     0  startup_stm32f103xe.o(.text)
    DMA1_Channel6_IRQHandler                 0x0800015f   Thumb Code     0  startup_stm32f103xe.o(.text)
    DMA1_Channel7_IRQHandler                 0x0800015f   Thumb Code     0  startup_stm32f103xe.o(.text)
    DMA2_Channel1_IRQHandler                 0x0800015f   Thumb Code     0  startup_stm32f103xe.o(.text)
    DMA2_Channel2_IRQHandler                 0x0800015f   Thumb Code     0  startup_stm32f103xe.o(.text)
    DMA2_Channel3_IRQHandler                 0x0800015f   Thumb Code     0  startup_stm32f103xe.o(.text)
    DMA2_Channel4_5_IRQHandler               0x0800015f   Thumb Code     0  startup_stm32f103xe.o(.text)
    EXTI0_IRQHandler                         0x0800015f   Thumb Code     0  startup_stm32f103xe.o(.text)
    EXTI15_10_IRQHandler                     0x0800015f   Thumb Code     0  startup_stm32f103xe.o(.text)
    EXTI1_IRQHandler                         0x0800015f   Thumb Code     0  startup_stm32f103xe.o(.text)
    EXTI2_IRQHandler                         0x0800015f   Thumb Code     0  startup_stm32f103xe.o(.text)
    EXTI3_IRQHandler                         0x0800015f   Thumb Code     0  startup_stm32f103xe.o(.text)
    EXTI4_IRQHandler                         0x0800015f   Thumb Code     0  startup_stm32f103xe.o(.text)
    EXTI9_5_IRQHandler                       0x0800015f   Thumb Code     0  startup_stm32f103xe.o(.text)
    FLASH_IRQHandler                         0x0800015f   Thumb Code     0  startup_stm32f103xe.o(.text)
    FSMC_IRQHandler                          0x0800015f   Thumb Code     0  startup_stm32f103xe.o(.text)
    I2C1_ER_IRQHandler                       0x0800015f   Thumb Code     0  startup_stm32f103xe.o(.text)
    I2C1_EV_IRQHandler                       0x0800015f   Thumb Code     0  startup_stm32f103xe.o(.text)
    I2C2_ER_IRQHandler                       0x0800015f   Thumb Code     0  startup_stm32f103xe.o(.text)
    I2C2_EV_IRQHandler                       0x0800015f   Thumb Code     0  startup_stm32f103xe.o(.text)
    PVD_IRQHandler                           0x0800015f   Thumb Code     0  startup_stm32f103xe.o(.text)
    RCC_IRQHandler                           0x0800015f   Thumb Code     0  startup_stm32f103xe.o(.text)
    RTC_IRQHandler                           0x0800015f   Thumb Code     0  startup_stm32f103xe.o(.text)
    SDIO_IRQHandler                          0x0800015f   Thumb Code     0  startup_stm32f103xe.o(.text)
    SPI1_IRQHandler                          0x0800015f   Thumb Code     0  startup_stm32f103xe.o(.text)
    SPI3_IRQHandler                          0x0800015f   Thumb Code     0  startup_stm32f103xe.o(.text)
    TAMPER_IRQHandler                        0x0800015f   Thumb Code     0  startup_stm32f103xe.o(.text)
    TIM1_BRK_IRQHandler                      0x0800015f   Thumb Code     0  startup_stm32f103xe.o(.text)
    TIM1_CC_IRQHandler                       0x0800015f   Thumb Code     0  startup_stm32f103xe.o(.text)
    TIM1_TRG_COM_IRQHandler                  0x0800015f   Thumb Code     0  startup_stm32f103xe.o(.text)
    TIM1_UP_IRQHandler                       0x0800015f   Thumb Code     0  startup_stm32f103xe.o(.text)
    TIM2_IRQHandler                          0x0800015f   Thumb Code     0  startup_stm32f103xe.o(.text)
    TIM4_IRQHandler                          0x0800015f   Thumb Code     0  startup_stm32f103xe.o(.text)
    TIM5_IRQHandler                          0x0800015f   Thumb Code     0  startup_stm32f103xe.o(.text)
    TIM7_IRQHandler                          0x0800015f   Thumb Code     0  startup_stm32f103xe.o(.text)
    TIM8_BRK_IRQHandler                      0x0800015f   Thumb Code     0  startup_stm32f103xe.o(.text)
    TIM8_CC_IRQHandler                       0x0800015f   Thumb Code     0  startup_stm32f103xe.o(.text)
    TIM8_TRG_COM_IRQHandler                  0x0800015f   Thumb Code     0  startup_stm32f103xe.o(.text)
    TIM8_UP_IRQHandler                       0x0800015f   Thumb Code     0  startup_stm32f103xe.o(.text)
    UART4_IRQHandler                         0x0800015f   Thumb Code     0  startup_stm32f103xe.o(.text)
    UART5_IRQHandler                         0x0800015f   Thumb Code     0  startup_stm32f103xe.o(.text)
    USART1_IRQHandler                        0x0800015f   Thumb Code     0  startup_stm32f103xe.o(.text)
    USART2_IRQHandler                        0x0800015f   Thumb Code     0  startup_stm32f103xe.o(.text)
    USBWakeUp_IRQHandler                     0x0800015f   Thumb Code     0  startup_stm32f103xe.o(.text)
    USB_HP_CAN1_TX_IRQHandler                0x0800015f   Thumb Code     0  startup_stm32f103xe.o(.text)
    USB_LP_CAN1_RX0_IRQHandler               0x0800015f   Thumb Code     0  startup_stm32f103xe.o(.text)
    WWDG_IRQHandler                          0x0800015f   Thumb Code     0  startup_stm32f103xe.o(.text)
    __aeabi_llsr                             0x08000169   Thumb Code    32  llushr.o(.text)
    _ll_ushift_r                             0x08000169   Thumb Code     0  llushr.o(.text)
    __aeabi_memcpy                           0x08000189   Thumb Code    36  memcpya.o(.text)
    __aeabi_memcpy4                          0x08000189   Thumb Code     0  memcpya.o(.text)
    __aeabi_memcpy8                          0x08000189   Thumb Code     0  memcpya.o(.text)
    __aeabi_memset                           0x080001ad   Thumb Code    14  memseta.o(.text)
    __aeabi_memset4                          0x080001ad   Thumb Code     0  memseta.o(.text)
    __aeabi_memset8                          0x080001ad   Thumb Code     0  memseta.o(.text)
    __aeabi_memclr                           0x080001bb   Thumb Code     4  memseta.o(.text)
    __aeabi_memclr4                          0x080001bb   Thumb Code     0  memseta.o(.text)
    __aeabi_memclr8                          0x080001bb   Thumb Code     0  memseta.o(.text)
    _memset$wrapper                          0x080001bf   Thumb Code    18  memseta.o(.text)
    __aeabi_fmul                             0x080001d1   Thumb Code   100  fmul.o(.text)
    __aeabi_fdiv                             0x08000235   Thumb Code   124  fdiv.o(.text)
    __aeabi_dadd                             0x080002b1   Thumb Code   322  dadd.o(.text)
    __aeabi_dsub                             0x080003f3   Thumb Code     6  dadd.o(.text)
    __aeabi_drsub                            0x080003f9   Thumb Code     6  dadd.o(.text)
    __aeabi_dmul                             0x080003ff   Thumb Code   228  dmul.o(.text)
    __aeabi_ddiv                             0x080004e3   Thumb Code   222  ddiv.o(.text)
    __aeabi_ui2f                             0x080005c1   Thumb Code    10  ffltui.o(.text)
    __aeabi_i2d                              0x080005cb   Thumb Code    34  dflti.o(.text)
    __aeabi_ui2d                             0x080005ed   Thumb Code    26  dfltui.o(.text)
    __aeabi_f2iz                             0x08000607   Thumb Code    50  ffixi.o(.text)
    __aeabi_f2uiz                            0x08000639   Thumb Code    40  ffixui.o(.text)
    __aeabi_f2d                              0x08000661   Thumb Code    38  f2d.o(.text)
    __aeabi_d2f                              0x08000687   Thumb Code    56  d2f.o(.text)
    __aeabi_cfcmpeq                          0x080006c1   Thumb Code     0  cfcmple.o(.text)
    __aeabi_cfcmple                          0x080006c1   Thumb Code    20  cfcmple.o(.text)
    __aeabi_llsl                             0x080006d5   Thumb Code    30  llshl.o(.text)
    _ll_shift_l                              0x080006d5   Thumb Code     0  llshl.o(.text)
    __aeabi_lasr                             0x080006f3   Thumb Code    36  llsshr.o(.text)
    _ll_sshift_r                             0x080006f3   Thumb Code     0  llsshr.o(.text)
    __I$use$fp                               0x08000717   Thumb Code     0  iusefp.o(.text)
    _float_round                             0x08000717   Thumb Code    18  fepilogue.o(.text)
    _float_epilogue                          0x08000729   Thumb Code    92  fepilogue.o(.text)
    _double_round                            0x08000785   Thumb Code    30  depilogue.o(.text)
    _double_epilogue                         0x080007a3   Thumb Code   156  depilogue.o(.text)
    __ARM_scalbn                             0x0800083f   Thumb Code    46  dscalb.o(.text)
    scalbn                                   0x0800083f   Thumb Code     0  dscalb.o(.text)
    __aeabi_cdrcmple                         0x0800086d   Thumb Code    48  cdrcmple.o(.text)
    __scatterload                            0x0800089d   Thumb Code    28  init.o(.text)
    __scatterload_rt2                        0x0800089d   Thumb Code     0  init.o(.text)
    _dsqrt                                   0x080008c1   Thumb Code   162  dsqrt.o(.text)
    ADC_ConversionStop_Disable               0x08000963   Thumb Code    82  stm32f1xx_hal_adc.o(i.ADC_ConversionStop_Disable)
    ADC_Enable                               0x080009b5   Thumb Code   122  stm32f1xx_hal_adc.o(i.ADC_Enable)
    APP_RTC_SetAlarmCounter_IT               0x08000a39   Thumb Code   146  main.o(i.APP_RTC_SetAlarmCounter_IT)
    BusFault_Handler                         0x08000ad1   Thumb Code     4  stm32f1xx_it.o(i.BusFault_Handler)
    DebugMon_Handler                         0x08000ad5   Thumb Code     2  stm32f1xx_it.o(i.DebugMon_Handler)
    ESP8266_Check_connection                 0x08000ad9   Thumb Code    58  esp8266.o(i.ESP8266_Check_connection)
    ESP8266_RECEIVE_DATA                     0x08000b1d   Thumb Code   108  esp8266.o(i.ESP8266_RECEIVE_DATA)
    ESP8266_SEND_DATA                        0x08000b95   Thumb Code    44  esp8266.o(i.ESP8266_SEND_DATA)
    ESP_CalculateChecksum                    0x08000bc5   Thumb Code    46  esp8266.o(i.ESP_CalculateChecksum)
    Error_Handler                            0x08000c69   Thumb Code     2  main.o(i.Error_Handler)
    HAL_ADC_ConfigChannel                    0x08000c6d   Thumb Code   338  stm32f1xx_hal_adc.o(i.HAL_ADC_ConfigChannel)
    HAL_ADC_GetValue                         0x08000dcd   Thumb Code     8  stm32f1xx_hal_adc.o(i.HAL_ADC_GetValue)
    HAL_ADC_Init                             0x08000dd5   Thumb Code   340  stm32f1xx_hal_adc.o(i.HAL_ADC_Init)
    HAL_ADC_MspInit                          0x08000f35   Thumb Code    98  stm32f1xx_hal_msp.o(i.HAL_ADC_MspInit)
    HAL_ADC_Start                            0x08000fa5   Thumb Code   294  stm32f1xx_hal_adc.o(i.HAL_ADC_Start)
    HAL_ADC_Stop                             0x080010d5   Thumb Code    64  stm32f1xx_hal_adc.o(i.HAL_ADC_Stop)
    HAL_DMA_Abort_IT                         0x08001115   Thumb Code   414  stm32f1xx_hal_dma.o(i.HAL_DMA_Abort_IT)
    HAL_Delay                                0x080012bd   Thumb Code    36  stm32f1xx_hal.o(i.HAL_Delay)
    HAL_GPIO_Init                            0x080012e5   Thumb Code   790  stm32f1xx_hal_gpio.o(i.HAL_GPIO_Init)
    HAL_GPIO_WritePin                        0x08001625   Thumb Code    12  stm32f1xx_hal_gpio.o(i.HAL_GPIO_WritePin)
    HAL_GetTick                              0x08001631   Thumb Code     6  stm32f1xx_hal.o(i.HAL_GetTick)
    HAL_I2C_Init                             0x0800163d   Thumb Code   362  stm32f1xx_hal_i2c.o(i.HAL_I2C_Init)
    HAL_I2C_Master_Receive                   0x080017b9   Thumb Code   814  stm32f1xx_hal_i2c.o(i.HAL_I2C_Master_Receive)
    HAL_I2C_Master_Transmit                  0x08001af5   Thumb Code   396  stm32f1xx_hal_i2c.o(i.HAL_I2C_Master_Transmit)
    HAL_I2C_Mem_Read                         0x08001c89   Thumb Code   826  stm32f1xx_hal_i2c.o(i.HAL_I2C_Mem_Read)
    HAL_I2C_Mem_Write                        0x08001fd1   Thumb Code   384  stm32f1xx_hal_i2c.o(i.HAL_I2C_Mem_Write)
    HAL_I2C_MspInit                          0x08002159   Thumb Code   104  stm32f1xx_hal_msp.o(i.HAL_I2C_MspInit)
    HAL_IWDG_Init                            0x080021cd   Thumb Code    80  stm32f1xx_hal_iwdg.o(i.HAL_IWDG_Init)
    HAL_IWDG_Refresh                         0x0800221d   Thumb Code    14  stm32f1xx_hal_iwdg.o(i.HAL_IWDG_Refresh)
    HAL_IncTick                              0x0800222d   Thumb Code    16  stm32f1xx_hal.o(i.HAL_IncTick)
    HAL_Init                                 0x08002245   Thumb Code    34  stm32f1xx_hal.o(i.HAL_Init)
    HAL_InitTick                             0x0800226d   Thumb Code   118  stm32f1xx_hal_timebase_tim.o(i.HAL_InitTick)
    HAL_MspInit                              0x080022f5   Thumb Code    76  stm32f1xx_hal_msp.o(i.HAL_MspInit)
    HAL_NVIC_EnableIRQ                       0x08002349   Thumb Code    26  stm32f1xx_hal_cortex.o(i.HAL_NVIC_EnableIRQ)
    HAL_NVIC_SetPriority                     0x08002363   Thumb Code   124  stm32f1xx_hal_cortex.o(i.HAL_NVIC_SetPriority)
    HAL_NVIC_SetPriorityGrouping             0x080023e1   Thumb Code    32  stm32f1xx_hal_cortex.o(i.HAL_NVIC_SetPriorityGrouping)
    HAL_PWR_EnableBkUpAccess                 0x08002409   Thumb Code     8  stm32f1xx_hal_pwr.o(i.HAL_PWR_EnableBkUpAccess)
    HAL_RCCEx_GetPeriphCLKFreq               0x08002415   Thumb Code   284  stm32f1xx_hal_rcc_ex.o(i.HAL_RCCEx_GetPeriphCLKFreq)
    HAL_RCCEx_PeriphCLKConfig                0x08002551   Thumb Code   290  stm32f1xx_hal_rcc_ex.o(i.HAL_RCCEx_PeriphCLKConfig)
    HAL_RCC_ClockConfig                      0x08002681   Thumb Code   446  stm32f1xx_hal_rcc.o(i.HAL_RCC_ClockConfig)
    HAL_RCC_GetClockConfig                   0x08002851   Thumb Code    58  stm32f1xx_hal_rcc.o(i.HAL_RCC_GetClockConfig)
    HAL_RCC_GetHCLKFreq                      0x08002895   Thumb Code     6  stm32f1xx_hal_rcc.o(i.HAL_RCC_GetHCLKFreq)
    HAL_RCC_GetPCLK1Freq                     0x080028a1   Thumb Code    22  stm32f1xx_hal_rcc.o(i.HAL_RCC_GetPCLK1Freq)
    HAL_RCC_GetPCLK2Freq                     0x080028c1   Thumb Code    22  stm32f1xx_hal_rcc.o(i.HAL_RCC_GetPCLK2Freq)
    HAL_RCC_GetSysClockFreq                  0x080028e1   Thumb Code   116  stm32f1xx_hal_rcc.o(i.HAL_RCC_GetSysClockFreq)
    HAL_RCC_OscConfig                        0x08002975   Thumb Code  1078  stm32f1xx_hal_rcc.o(i.HAL_RCC_OscConfig)
    HAL_RTCEx_SetSecond_IT                   0x08002db5   Thumb Code    58  stm32f1xx_hal_rtc_ex.o(i.HAL_RTCEx_SetSecond_IT)
    HAL_RTC_AlarmAEventCallback              0x08002df1   Thumb Code    18  main.o(i.HAL_RTC_AlarmAEventCallback)
    HAL_RTC_AlarmIRQHandler                  0x08002e09   Thumb Code    52  stm32f1xx_hal_rtc.o(i.HAL_RTC_AlarmIRQHandler)
    HAL_RTC_GetTime                          0x08002e41   Thumb Code   260  stm32f1xx_hal_rtc.o(i.HAL_RTC_GetTime)
    HAL_RTC_Init                             0x08002f45   Thumb Code   202  stm32f1xx_hal_rtc.o(i.HAL_RTC_Init)
    HAL_RTC_MspInit                          0x08003015   Thumb Code    68  stm32f1xx_hal_msp.o(i.HAL_RTC_MspInit)
    HAL_RTC_SetAlarm_IT                      0x08003065   Thumb Code   256  stm32f1xx_hal_rtc.o(i.HAL_RTC_SetAlarm_IT)
    HAL_RTC_SetDate                          0x0800316d   Thumb Code   242  stm32f1xx_hal_rtc.o(i.HAL_RTC_SetDate)
    HAL_RTC_SetTime                          0x08003265   Thumb Code   214  stm32f1xx_hal_rtc.o(i.HAL_RTC_SetTime)
    HAL_RTC_WaitForSynchro                   0x08003341   Thumb Code    64  stm32f1xx_hal_rtc.o(i.HAL_RTC_WaitForSynchro)
    HAL_SPI_ErrorCallback                    0x08003381   Thumb Code     2  stm32f1xx_hal_spi.o(i.HAL_SPI_ErrorCallback)
    HAL_SPI_IRQHandler                       0x08003385   Thumb Code   276  stm32f1xx_hal_spi.o(i.HAL_SPI_IRQHandler)
    HAL_SPI_Init                             0x0800349d   Thumb Code   134  stm32f1xx_hal_spi_ex.o(i.HAL_SPI_Init)
    HAL_SPI_MspInit                          0x08003525   Thumb Code   124  stm32f1xx_hal_msp.o(i.HAL_SPI_MspInit)
    HAL_TIMEx_BreakCallback                  0x080035ad   Thumb Code     2  stm32f1xx_hal_tim_ex.o(i.HAL_TIMEx_BreakCallback)
    HAL_TIMEx_CommutationCallback            0x080035af   Thumb Code     2  stm32f1xx_hal_tim_ex.o(i.HAL_TIMEx_CommutationCallback)
    HAL_TIMEx_MasterConfigSynchronization    0x080035b1   Thumb Code    98  stm32f1xx_hal_tim_ex.o(i.HAL_TIMEx_MasterConfigSynchronization)
    HAL_TIM_Base_Init                        0x08003613   Thumb Code    52  stm32f1xx_hal_tim.o(i.HAL_TIM_Base_Init)
    HAL_TIM_Base_MspInit                     0x08003649   Thumb Code    58  stm32f1xx_hal_msp.o(i.HAL_TIM_Base_MspInit)
    HAL_TIM_Base_Start_IT                    0x0800368d   Thumb Code    30  stm32f1xx_hal_tim.o(i.HAL_TIM_Base_Start_IT)
    HAL_TIM_IC_CaptureCallback               0x080036ab   Thumb Code     2  stm32f1xx_hal_tim.o(i.HAL_TIM_IC_CaptureCallback)
    HAL_TIM_IRQHandler                       0x080036ad   Thumb Code   406  stm32f1xx_hal_tim.o(i.HAL_TIM_IRQHandler)
    HAL_TIM_OC_DelayElapsedCallback          0x08003843   Thumb Code     2  stm32f1xx_hal_tim.o(i.HAL_TIM_OC_DelayElapsedCallback)
    HAL_TIM_PWM_PulseFinishedCallback        0x08003845   Thumb Code     2  stm32f1xx_hal_tim.o(i.HAL_TIM_PWM_PulseFinishedCallback)
    HAL_TIM_PeriodElapsedCallback            0x08003849   Thumb Code    18  main.o(i.HAL_TIM_PeriodElapsedCallback)
    HAL_TIM_TriggerCallback                  0x08003861   Thumb Code     2  stm32f1xx_hal_tim.o(i.HAL_TIM_TriggerCallback)
    HAL_UART_ErrorCallback                   0x08003863   Thumb Code     2  stm32f1xx_hal_uart.o(i.HAL_UART_ErrorCallback)
    HAL_UART_IRQHandler                      0x08003865   Thumb Code   326  stm32f1xx_hal_uart.o(i.HAL_UART_IRQHandler)
    HAL_UART_Init                            0x080039b1   Thumb Code   114  stm32f1xx_hal_uart.o(i.HAL_UART_Init)
    HAL_UART_MspInit                         0x08003a25   Thumb Code   344  stm32f1xx_hal_msp.o(i.HAL_UART_MspInit)
    HAL_UART_Receive                         0x08003b95   Thumb Code   222  stm32f1xx_hal_uart.o(i.HAL_UART_Receive)
    HAL_UART_Receive_IT                      0x08003c73   Thumb Code   112  stm32f1xx_hal_uart.o(i.HAL_UART_Receive_IT)
    HAL_UART_RxCpltCallback                  0x08003ce5   Thumb Code   148  esp8266.o(i.HAL_UART_RxCpltCallback)
    HAL_UART_Transmit                        0x08003d95   Thumb Code   214  stm32f1xx_hal_uart.o(i.HAL_UART_Transmit)
    HAL_UART_TxCpltCallback                  0x08003e6b   Thumb Code     2  stm32f1xx_hal_uart.o(i.HAL_UART_TxCpltCallback)
    HPM_measure                              0x08003e6d   Thumb Code    90  honeywel_dust_meas.o(i.HPM_measure)
    HardFault_Handler                        0x08003ec7   Thumb Code     4  stm32f1xx_it.o(i.HardFault_Handler)
    LED_the_result_no_good                   0x0800456d   Thumb Code    46  led_indicator.o(i.LED_the_result_no_good)
    LED_the_result_ok                        0x080045a1   Thumb Code    32  led_indicator.o(i.LED_the_result_ok)
    LED_turn_OFF_RGB                         0x080045c5   Thumb Code   160  led_indicator.o(i.LED_turn_OFF_RGB)
    LED_turn_ON_RGB                          0x08004669   Thumb Code   178  led_indicator.o(i.LED_turn_ON_RGB)
    LED_turn_off                             0x08004721   Thumb Code    20  led_indicator.o(i.LED_turn_off)
    LED_turn_on                              0x08004739   Thumb Code    20  led_indicator.o(i.LED_turn_on)
    MemManage_Handler                        0x08004a7d   Thumb Code     4  stm32f1xx_it.o(i.MemManage_Handler)
    NMI_Handler                              0x08004a81   Thumb Code     2  stm32f1xx_it.o(i.NMI_Handler)
    PendSV_Handler                           0x08004abd   Thumb Code     2  stm32f1xx_it.o(i.PendSV_Handler)
    RTC_Alarm_IRQHandler                     0x08004ae9   Thumb Code    16  stm32f1xx_it.o(i.RTC_Alarm_IRQHandler)
    SPI2_IRQHandler                          0x08004db5   Thumb Code    10  stm32f1xx_it.o(i.SPI2_IRQHandler)
    SVC_Handler                              0x08004dd9   Thumb Code     2  stm32f1xx_it.o(i.SVC_Handler)
    Server_request_data                      0x08004ddd   Thumb Code    42  esp8266.o(i.Server_request_data)
    SysTick_Handler                          0x08004e19   Thumb Code     2  stm32f1xx_it.o(i.SysTick_Handler)
    SystemClock_Config                       0x08004e1b   Thumb Code   140  main.o(i.SystemClock_Config)
    SystemInit                               0x08004ea9   Thumb Code    70  system_stm32f1xx.o(i.SystemInit)
    TIM3_IRQHandler                          0x08004f01   Thumb Code    10  stm32f1xx_it.o(i.TIM3_IRQHandler)
    TIM6_IRQHandler                          0x08004f11   Thumb Code    10  stm32f1xx_it.o(i.TIM6_IRQHandler)
    TIM_Base_SetConfig                       0x08004f21   Thumb Code   132  stm32f1xx_hal_tim.o(i.TIM_Base_SetConfig)
    USART3_IRQHandler                        0x08005351   Thumb Code    36  stm32f1xx_it.o(i.USART3_IRQHandler)
    UsageFault_Handler                       0x08005379   Thumb Code     4  stm32f1xx_it.o(i.UsageFault_Handler)
    __ARM_fpclassify                         0x0800537d   Thumb Code    40  fpclassify.o(i.__ARM_fpclassify)
    __kernel_poly                            0x080053a5   Thumb Code   170  poly.o(i.__kernel_poly)
    __mathlib_dbl_divzero                    0x08005451   Thumb Code    12  dunder.o(i.__mathlib_dbl_divzero)
    __mathlib_dbl_infnan2                    0x08005461   Thumb Code     4  dunder.o(i.__mathlib_dbl_infnan2)
    __mathlib_dbl_invalid                    0x08005465   Thumb Code    12  dunder.o(i.__mathlib_dbl_invalid)
    __mathlib_dbl_overflow                   0x08005471   Thumb Code    14  dunder.o(i.__mathlib_dbl_overflow)
    __mathlib_dbl_underflow                  0x08005481   Thumb Code    10  dunder.o(i.__mathlib_dbl_underflow)
    __scatterload_copy                       0x08005491   Thumb Code    14  handlers.o(i.__scatterload_copy)
    __scatterload_null                       0x0800549f   Thumb Code     2  handlers.o(i.__scatterload_null)
    __scatterload_zeroinit                   0x080054a1   Thumb Code    14  handlers.o(i.__scatterload_zeroinit)
    __set_errno                              0x080054b1   Thumb Code     6  errno.o(i.__set_errno)
    appValid                                 0x080054bd   Thumb Code    22  ccs811-hdc1080.o(i.appValid)
    checkForError                            0x080054d9   Thumb Code    32  ccs811-hdc1080.o(i.checkForError)
    check_on_startup                         0x080054fd   Thumb Code   246  check_on_statup.o(i.check_on_startup)
    configureCCS811                          0x08005601   Thumb Code   144  ccs811-hdc1080.o(i.configureCCS811)
    disableInterrupts                        0x080056a9   Thumb Code    24  ccs811-hdc1080.o(i.disableInterrupts)
    getO3                                    0x080056c1   Thumb Code   110  ozone.o(i.getO3)
    hdc1080_init                             0x0800574d   Thumb Code    82  ccs811-hdc1080.o(i.hdc1080_init)
    hdc1080_start_measurement                0x080057a5   Thumb Code   174  ccs811-hdc1080.o(i.hdc1080_start_measurement)
    hpmReadResults                           0x0800595f   Thumb Code   134  honeywel_dust_meas.o(i.hpmReadResults)
    hpmStartParticleMeasurement              0x08005a37   Thumb Code    54  honeywel_dust_meas.o(i.hpmStartParticleMeasurement)
    hpmStopAutoSend                          0x08005a6d   Thumb Code    54  honeywel_dust_meas.o(i.hpmStopAutoSend)
    hpmStopParticleMeasurement               0x08005aa3   Thumb Code    54  honeywel_dust_meas.o(i.hpmStopParticleMeasurement)
    main                                     0x08005b19   Thumb Code   176  main.o(i.main)
    pow                                      0x08005be1   Thumb Code  2512  pow.o(i.pow)
    readAlgorithmResults                     0x080065b9   Thumb Code    80  ccs811-hdc1080.o(i.readAlgorithmResults)
    readRegister                             0x08006615   Thumb Code    38  ccs811-hdc1080.o(i.readRegister)
    readRs                                   0x08006641   Thumb Code    94  ozone.o(i.readRs)
    read_adc_value                           0x080066b5   Thumb Code    78  ozone.o(i.read_adc_value)
    resend_command                           0x0800670d   Thumb Code    20  esp8266.o(i.resend_command)
    send_data_to_esp                         0x08006725   Thumb Code   240  check_on_statup.o(i.send_data_to_esp)
    sensirion_common_check_crc               0x080068a1   Thumb Code    30  svm30.o(i.sensirion_common_check_crc)
    sensirion_common_generate_crc            0x080068bf   Thumb Code    58  svm30.o(i.sensirion_common_generate_crc)
    sensirion_fill_cmd_send_buf              0x080068f9   Thumb Code    94  svm30.o(i.sensirion_fill_cmd_send_buf)
    sensirion_i2c_delayed_read_cmd           0x08006957   Thumb Code    66  svm30.o(i.sensirion_i2c_delayed_read_cmd)
    sensirion_i2c_read                       0x08006999   Thumb Code    28  svm30.o(i.sensirion_i2c_read)
    sensirion_i2c_read_bytes                 0x080069b9   Thumb Code   108  svm30.o(i.sensirion_i2c_read_bytes)
    sensirion_i2c_read_words                 0x08006a25   Thumb Code    64  svm30.o(i.sensirion_i2c_read_words)
    sensirion_i2c_write                      0x08006a65   Thumb Code    28  svm30.o(i.sensirion_i2c_write)
    sensirion_i2c_write_cmd                  0x08006a85   Thumb Code    30  svm30.o(i.sensirion_i2c_write_cmd)
    sensirion_i2c_write_cmd_with_args        0x08006aa3   Thumb Code    44  svm30.o(i.sensirion_i2c_write_cmd_with_args)
    setDriveMode                             0x08006ad1   Thumb Code    62  ccs811-hdc1080.o(i.setDriveMode)
    setEnvironmentalData                     0x08006b15   Thumb Code   344  ccs811-hdc1080.o(i.setEnvironmentalData)
    sgp30_get_feature_set_version            0x08006ca7   Thumb Code    52  svm30.o(i.sgp30_get_feature_set_version)
    sgp30_iaq_init                           0x08006cdb   Thumb Code    24  svm30.o(i.sgp30_iaq_init)
    sgp30_measure_iaq                        0x08006cf3   Thumb Code    14  svm30.o(i.sgp30_measure_iaq)
    sgp30_measure_iaq_blocking_read          0x08006d01   Thumb Code    36  svm30.o(i.sgp30_measure_iaq_blocking_read)
    sgp30_probe                              0x08006d25   Thumb Code    22  svm30.o(i.sgp30_probe)
    sgp30_read_iaq                           0x08006d3b   Thumb Code    34  svm30.o(i.sgp30_read_iaq)
    sgp30_set_absolute_humidity              0x08006d5d   Thumb Code    46  svm30.o(i.sgp30_set_absolute_humidity)
    shtc1_measure                            0x08006d8d   Thumb Code    14  svm30.o(i.shtc1_measure)
    shtc1_measure_blocking_read              0x08006da1   Thumb Code    34  svm30.o(i.shtc1_measure_blocking_read)
    shtc1_probe                              0x08006dc3   Thumb Code    14  svm30.o(i.shtc1_probe)
    shtc1_read                               0x08006dd1   Thumb Code    56  svm30.o(i.shtc1_read)
    shtc1_read_serial                        0x08006e09   Thumb Code   110  svm30.o(i.shtc1_read_serial)
    shtc1_wake_up                            0x08006e7d   Thumb Code    14  svm30.o(i.shtc1_wake_up)
    sqrt                                     0x08006e8b   Thumb Code    76  sqrt.o(i.sqrt)
    svm_measure_iaq_blocking_read            0x08006ef9   Thumb Code    74  svm30.o(i.svm_measure_iaq_blocking_read)
    svm_probe                                0x08006f43   Thumb Code    20  svm30.o(i.svm_probe)
    task_every_5_min                         0x08006f75   Thumb Code   564  check_on_statup.o(i.task_every_5_min)
    writeRegister                            0x080071cd   Thumb Code    36  ccs811-hdc1080.o(i.writeRegister)
    AHBPrescTable                            0x0800721e   Data          16  system_stm32f1xx.o(.constdata)
    APBPrescTable                            0x0800722e   Data           8  system_stm32f1xx.o(.constdata)
    __mathlib_zero                           0x080072c0   Data           8  qnan.o(.constdata)
    Region$$Table$$Base                      0x080072c8   Number         0  anon$$obj.o(Region$$Table)
    Region$$Table$$Limit                     0x080072e8   Number         0  anon$$obj.o(Region$$Table)
    flag_task_five_min                       0x20000000   Data           1  check_on_statup.o(.data)
    USE_MODUL_CCS811                         0x20000004   Data           4  check_on_statup.o(.data)
    USE_MODUL_SVM                            0x20000008   Data           4  check_on_statup.o(.data)
    one_to_for_data                          0x2000000c   Data           2  check_on_statup.o(.data)
    col                                      0x20000010   Data           4  check_on_statup.o(.data)
    row                                      0x20000014   Data           4  check_on_statup.o(.data)
    flag_reset_svm                           0x20000018   Data           4  check_on_statup.o(.data)
    SGP_DRV_VERSION_STR                      0x20000020   Data           4  svm30.o(.data)
    data_recieve_buff                        0x20000024   Data           4  esp8266.o(.data)
    buffer                                   0x20000028   Data           4  esp8266.o(.data)
    Rx_indx                                  0x2000002c   Data           1  esp8266.o(.data)
    pm10                                     0x20000030   Data           1  main.o(.data)
    pm25                                     0x20000031   Data           1  main.o(.data)
    pm100                                    0x20000034   Data           4  main.o(.data)
    pm255                                    0x20000038   Data           4  main.o(.data)
    ar_pm10                                  0x2000003c   Data           2  main.o(.data)
    ar_pm25                                  0x2000003e   Data           2  main.o(.data)
    trang_thai                               0x20000040   Data           1  main.o(.data)
    tvoc                                     0x20000042   Data           2  main.o(.data)
    co2                                      0x20000044   Data           2  main.o(.data)
    receive_data_spi                         0x20000048   Data           4  main.o(.data)
    BurnIn_Time_Complete                     0x2000004c   Data           1  ccs811-hdc1080.o(.data)
    RunIn_Time_Complete                      0x2000004d   Data           1  ccs811-hdc1080.o(.data)
    Baseline_Time_Complete                   0x2000004e   Data           1  ccs811-hdc1080.o(.data)
    EBaseline_Time_Complete                  0x2000004f   Data           1  ccs811-hdc1080.o(.data)
    tVOC                                     0x20000050   Data           2  ccs811-hdc1080.o(.data)
    CO2                                      0x20000052   Data           2  ccs811-hdc1080.o(.data)
    adc_raw                                  0x20000054   Data           2  ccs811-hdc1080.o(.data)
    current_value                            0x20000056   Data           1  ccs811-hdc1080.o(.data)
    dummyread                                0x20000057   Data           1  ccs811-hdc1080.o(.data)
    appvalue                                 0x20000058   Data           1  ccs811-hdc1080.o(.data)
    errvalue                                 0x20000059   Data           1  ccs811-hdc1080.o(.data)
    mosetting                                0x2000005a   Data           1  ccs811-hdc1080.o(.data)
    dtvalue                                  0x2000005b   Data           1  ccs811-hdc1080.o(.data)
    appStart                                 0x2000005c   Data           1  ccs811-hdc1080.o(.data)
    ELBaseline_period                        0x20000060   Data           4  ccs811-hdc1080.o(.data)
    ALBaseline_period                        0x20000064   Data           4  ccs811-hdc1080.o(.data)
    Mode_CCS811                              0x20000068   Data           1  ccs811-hdc1080.o(.data)
    restore_Baselines                        0x2000006c   Data           4  ccs811-hdc1080.o(.data)
    uwTick                                   0x20000070   Data           4  stm32f1xx_hal.o(.data)
    uwTickPrio                               0x20000074   Data           4  stm32f1xx_hal.o(.data)
    uwTickFreq                               0x20000078   Data           1  stm32f1xx_hal.o(.data)
    SystemCoreClock                          0x2000007c   Data           4  system_stm32f1xx.o(.data)
    save_all_data                            0x20000084   Data         168  check_on_statup.o(.bss)
    buffer_data_send                         0x2000012c   Data          14  esp8266.o(.bss)
    hadc1                                    0x2000013c   Data          48  main.o(.bss)
    hi2c1                                    0x2000016c   Data          84  main.o(.bss)
    hiwdg                                    0x200001c0   Data          12  main.o(.bss)
    hrtc                                     0x200001cc   Data          20  main.o(.bss)
    hspi1                                    0x200001e0   Data          88  main.o(.bss)
    hspi2                                    0x20000238   Data          88  main.o(.bss)
    htim6                                    0x20000290   Data          64  main.o(.bss)
    huart1                                   0x200002d0   Data          64  main.o(.bss)
    huart2                                   0x20000310   Data          64  main.o(.bss)
    huart3                                   0x20000350   Data          64  main.o(.bss)
    htim3                                    0x20000390   Data          64  stm32f1xx_hal_timebase_tim.o(.bss)
    __initial_sp                             0x200007d0   Data           0  startup_stm32f103xe.o(STACK)



==============================================================================

Memory Map of the image

  Image Entry point : 0x08000131

  Load Region LR_IROM1 (Base: 0x08000000, Size: 0x0000736c, Max: 0x00040000, ABSOLUTE)

    Execution Region ER_IROM1 (Exec base: 0x08000000, Load base: 0x08000000, Size: 0x000072e8, Max: 0x00040000, ABSOLUTE)

    Exec Addr    Load Addr    Size         Type   Attr      Idx    E Section Name        Object

    0x08000000   0x08000000   0x00000130   Data   RO            3    RESET               startup_stm32f103xe.o
    0x08000130   0x08000130   0x00000000   Code   RO         4864  * .ARM.Collect$$$$00000000  mc_w.l(entry.o)
    0x08000130   0x08000130   0x00000004   Code   RO         4928    .ARM.Collect$$$$00000001  mc_w.l(entry2.o)
    0x08000134   0x08000134   0x00000004   Code   RO         4931    .ARM.Collect$$$$00000004  mc_w.l(entry5.o)
    0x08000138   0x08000138   0x00000000   Code   RO         4933    .ARM.Collect$$$$00000008  mc_w.l(entry7b.o)
    0x08000138   0x08000138   0x00000000   Code   RO         4935    .ARM.Collect$$$$0000000A  mc_w.l(entry8b.o)
    0x08000138   0x08000138   0x00000008   Code   RO         4936    .ARM.Collect$$$$0000000B  mc_w.l(entry9a.o)
    0x08000140   0x08000140   0x00000000   Code   RO         4938    .ARM.Collect$$$$0000000D  mc_w.l(entry10a.o)
    0x08000140   0x08000140   0x00000000   Code   RO         4940    .ARM.Collect$$$$0000000F  mc_w.l(entry11a.o)
    0x08000140   0x08000140   0x00000004   Code   RO         4929    .ARM.Collect$$$$00002712  mc_w.l(entry2.o)
    0x08000144   0x08000144   0x00000024   Code   RO            4    .text               startup_stm32f103xe.o
    0x08000168   0x08000168   0x00000020   Code   RO         4867    .text               mc_w.l(llushr.o)
    0x08000188   0x08000188   0x00000024   Code   RO         4869    .text               mc_w.l(memcpya.o)
    0x080001ac   0x080001ac   0x00000024   Code   RO         4871    .text               mc_w.l(memseta.o)
    0x080001d0   0x080001d0   0x00000064   Code   RO         4875    .text               mf_w.l(fmul.o)
    0x08000234   0x08000234   0x0000007c   Code   RO         4877    .text               mf_w.l(fdiv.o)
    0x080002b0   0x080002b0   0x0000014e   Code   RO         4879    .text               mf_w.l(dadd.o)
    0x080003fe   0x080003fe   0x000000e4   Code   RO         4881    .text               mf_w.l(dmul.o)
    0x080004e2   0x080004e2   0x000000de   Code   RO         4883    .text               mf_w.l(ddiv.o)
    0x080005c0   0x080005c0   0x0000000a   Code   RO         4885    .text               mf_w.l(ffltui.o)
    0x080005ca   0x080005ca   0x00000022   Code   RO         4887    .text               mf_w.l(dflti.o)
    0x080005ec   0x080005ec   0x0000001a   Code   RO         4889    .text               mf_w.l(dfltui.o)
    0x08000606   0x08000606   0x00000032   Code   RO         4891    .text               mf_w.l(ffixi.o)
    0x08000638   0x08000638   0x00000028   Code   RO         4893    .text               mf_w.l(ffixui.o)
    0x08000660   0x08000660   0x00000026   Code   RO         4895    .text               mf_w.l(f2d.o)
    0x08000686   0x08000686   0x00000038   Code   RO         4897    .text               mf_w.l(d2f.o)
    0x080006be   0x080006be   0x00000002   PAD
    0x080006c0   0x080006c0   0x00000014   Code   RO         4899    .text               mf_w.l(cfcmple.o)
    0x080006d4   0x080006d4   0x0000001e   Code   RO         4942    .text               mc_w.l(llshl.o)
    0x080006f2   0x080006f2   0x00000024   Code   RO         4944    .text               mc_w.l(llsshr.o)
    0x08000716   0x08000716   0x00000000   Code   RO         4953    .text               mc_w.l(iusefp.o)
    0x08000716   0x08000716   0x0000006e   Code   RO         4954    .text               mf_w.l(fepilogue.o)
    0x08000784   0x08000784   0x000000ba   Code   RO         4956    .text               mf_w.l(depilogue.o)
    0x0800083e   0x0800083e   0x0000002e   Code   RO         4958    .text               mf_w.l(dscalb.o)
    0x0800086c   0x0800086c   0x00000030   Code   RO         4960    .text               mf_w.l(cdrcmple.o)
    0x0800089c   0x0800089c   0x00000024   Code   RO         4962    .text               mc_w.l(init.o)
    0x080008c0   0x080008c0   0x000000a2   Code   RO         4964    .text               mf_w.l(dsqrt.o)
    0x08000962   0x08000962   0x00000052   Code   RO         1330    i.ADC_ConversionStop_Disable  stm32f1xx_hal_adc.o
    0x080009b4   0x080009b4   0x00000084   Code   RO         1334    i.ADC_Enable        stm32f1xx_hal_adc.o
    0x08000a38   0x08000a38   0x00000098   Code   RO          808    i.APP_RTC_SetAlarmCounter_IT  main.o
    0x08000ad0   0x08000ad0   0x00000004   Code   RO          917    i.BusFault_Handler  stm32f1xx_it.o
    0x08000ad4   0x08000ad4   0x00000002   Code   RO          918    i.DebugMon_Handler  stm32f1xx_it.o
    0x08000ad6   0x08000ad6   0x00000002   PAD
    0x08000ad8   0x08000ad8   0x00000044   Code   RO          568    i.ESP8266_Check_connection  esp8266.o
    0x08000b1c   0x08000b1c   0x00000078   Code   RO          569    i.ESP8266_RECEIVE_DATA  esp8266.o
    0x08000b94   0x08000b94   0x00000030   Code   RO          570    i.ESP8266_SEND_DATA  esp8266.o
    0x08000bc4   0x08000bc4   0x0000002e   Code   RO          571    i.ESP_CalculateChecksum  esp8266.o
    0x08000bf2   0x08000bf2   0x00000058   Code   RO          572    i.ESP_SendCommand   esp8266.o
    0x08000c4a   0x08000c4a   0x00000002   PAD
    0x08000c4c   0x08000c4c   0x0000001c   Code   RO          573    i.ESP_UartTx        esp8266.o
    0x08000c68   0x08000c68   0x00000002   Code   RO          809    i.Error_Handler     main.o
    0x08000c6a   0x08000c6a   0x00000002   PAD
    0x08000c6c   0x08000c6c   0x00000160   Code   RO         1336    i.HAL_ADC_ConfigChannel  stm32f1xx_hal_adc.o
    0x08000dcc   0x08000dcc   0x00000008   Code   RO         1343    i.HAL_ADC_GetValue  stm32f1xx_hal_adc.o
    0x08000dd4   0x08000dd4   0x00000160   Code   RO         1345    i.HAL_ADC_Init      stm32f1xx_hal_adc.o
    0x08000f34   0x08000f34   0x00000070   Code   RO         1024    i.HAL_ADC_MspInit   stm32f1xx_hal_msp.o
    0x08000fa4   0x08000fa4   0x00000130   Code   RO         1351    i.HAL_ADC_Start     stm32f1xx_hal_adc.o
    0x080010d4   0x080010d4   0x00000040   Code   RO         1354    i.HAL_ADC_Stop      stm32f1xx_hal_adc.o
    0x08001114   0x08001114   0x000001a8   Code   RO         4271    i.HAL_DMA_Abort_IT  stm32f1xx_hal_dma.o
    0x080012bc   0x080012bc   0x00000028   Code   RO         3905    i.HAL_Delay         stm32f1xx_hal.o
    0x080012e4   0x080012e4   0x00000340   Code   RO         4206    i.HAL_GPIO_Init     stm32f1xx_hal_gpio.o
    0x08001624   0x08001624   0x0000000c   Code   RO         4210    i.HAL_GPIO_WritePin  stm32f1xx_hal_gpio.o
    0x08001630   0x08001630   0x0000000c   Code   RO         3909    i.HAL_GetTick       stm32f1xx_hal.o
    0x0800163c   0x0800163c   0x0000017c   Code   RO         1617    i.HAL_I2C_Init      stm32f1xx_hal_i2c.o
    0x080017b8   0x080017b8   0x0000033c   Code   RO         1623    i.HAL_I2C_Master_Receive  stm32f1xx_hal_i2c.o
    0x08001af4   0x08001af4   0x00000194   Code   RO         1628    i.HAL_I2C_Master_Transmit  stm32f1xx_hal_i2c.o
    0x08001c88   0x08001c88   0x00000348   Code   RO         1633    i.HAL_I2C_Mem_Read  stm32f1xx_hal_i2c.o
    0x08001fd0   0x08001fd0   0x00000188   Code   RO         1636    i.HAL_I2C_Mem_Write  stm32f1xx_hal_i2c.o
    0x08002158   0x08002158   0x00000074   Code   RO         1026    i.HAL_I2C_MspInit   stm32f1xx_hal_msp.o
    0x080021cc   0x080021cc   0x00000050   Code   RO         2039    i.HAL_IWDG_Init     stm32f1xx_hal_iwdg.o
    0x0800221c   0x0800221c   0x0000000e   Code   RO         2040    i.HAL_IWDG_Refresh  stm32f1xx_hal_iwdg.o
    0x0800222a   0x0800222a   0x00000002   PAD
    0x0800222c   0x0800222c   0x00000018   Code   RO         3913    i.HAL_IncTick       stm32f1xx_hal.o
    0x08002244   0x08002244   0x00000028   Code   RO         3914    i.HAL_Init          stm32f1xx_hal.o
    0x0800226c   0x0800226c   0x00000088   Code   RO         1119    i.HAL_InitTick      stm32f1xx_hal_timebase_tim.o
    0x080022f4   0x080022f4   0x00000054   Code   RO         1027    i.HAL_MspInit       stm32f1xx_hal_msp.o
    0x08002348   0x08002348   0x0000001a   Code   RO         4366    i.HAL_NVIC_EnableIRQ  stm32f1xx_hal_cortex.o
    0x08002362   0x08002362   0x0000007c   Code   RO         4372    i.HAL_NVIC_SetPriority  stm32f1xx_hal_cortex.o
    0x080023de   0x080023de   0x00000002   PAD
    0x080023e0   0x080023e0   0x00000028   Code   RO         4373    i.HAL_NVIC_SetPriorityGrouping  stm32f1xx_hal_cortex.o
    0x08002408   0x08002408   0x0000000c   Code   RO         4493    i.HAL_PWR_EnableBkUpAccess  stm32f1xx_hal_pwr.o
    0x08002414   0x08002414   0x0000013c   Code   RO         4168    i.HAL_RCCEx_GetPeriphCLKFreq  stm32f1xx_hal_rcc_ex.o
    0x08002550   0x08002550   0x00000130   Code   RO         4169    i.HAL_RCCEx_PeriphCLKConfig  stm32f1xx_hal_rcc_ex.o
    0x08002680   0x08002680   0x000001d0   Code   RO         4061    i.HAL_RCC_ClockConfig  stm32f1xx_hal_rcc.o
    0x08002850   0x08002850   0x00000044   Code   RO         4065    i.HAL_RCC_GetClockConfig  stm32f1xx_hal_rcc.o
    0x08002894   0x08002894   0x0000000c   Code   RO         4066    i.HAL_RCC_GetHCLKFreq  stm32f1xx_hal_rcc.o
    0x080028a0   0x080028a0   0x00000020   Code   RO         4068    i.HAL_RCC_GetPCLK1Freq  stm32f1xx_hal_rcc.o
    0x080028c0   0x080028c0   0x00000020   Code   RO         4069    i.HAL_RCC_GetPCLK2Freq  stm32f1xx_hal_rcc.o
    0x080028e0   0x080028e0   0x00000094   Code   RO         4070    i.HAL_RCC_GetSysClockFreq  stm32f1xx_hal_rcc.o
    0x08002974   0x08002974   0x00000440   Code   RO         4073    i.HAL_RCC_OscConfig  stm32f1xx_hal_rcc.o
    0x08002db4   0x08002db4   0x0000003a   Code   RO         2252    i.HAL_RTCEx_SetSecond_IT  stm32f1xx_hal_rtc_ex.o
    0x08002dee   0x08002dee   0x00000002   PAD
    0x08002df0   0x08002df0   0x00000018   Code   RO          810    i.HAL_RTC_AlarmAEventCallback  main.o
    0x08002e08   0x08002e08   0x00000038   Code   RO         2070    i.HAL_RTC_AlarmIRQHandler  stm32f1xx_hal_rtc.o
    0x08002e40   0x08002e40   0x00000104   Code   RO         2076    i.HAL_RTC_GetTime   stm32f1xx_hal_rtc.o
    0x08002f44   0x08002f44   0x000000d0   Code   RO         2077    i.HAL_RTC_Init      stm32f1xx_hal_rtc.o
    0x08003014   0x08003014   0x00000050   Code   RO         1029    i.HAL_RTC_MspInit   stm32f1xx_hal_msp.o
    0x08003064   0x08003064   0x00000108   Code   RO         2082    i.HAL_RTC_SetAlarm_IT  stm32f1xx_hal_rtc.o
    0x0800316c   0x0800316c   0x000000f8   Code   RO         2083    i.HAL_RTC_SetDate   stm32f1xx_hal_rtc.o
    0x08003264   0x08003264   0x000000dc   Code   RO         2084    i.HAL_RTC_SetTime   stm32f1xx_hal_rtc.o
    0x08003340   0x08003340   0x00000040   Code   RO         2085    i.HAL_RTC_WaitForSynchro  stm32f1xx_hal_rtc.o
    0x08003380   0x08003380   0x00000002   Code   RO         2353    i.HAL_SPI_ErrorCallback  stm32f1xx_hal_spi.o
    0x08003382   0x08003382   0x00000002   PAD
    0x08003384   0x08003384   0x00000118   Code   RO         2356    i.HAL_SPI_IRQHandler  stm32f1xx_hal_spi.o
    0x0800349c   0x0800349c   0x00000086   Code   RO         2669    i.HAL_SPI_Init      stm32f1xx_hal_spi_ex.o
    0x08003522   0x08003522   0x00000002   PAD
    0x08003524   0x08003524   0x00000088   Code   RO         1031    i.HAL_SPI_MspInit   stm32f1xx_hal_msp.o
    0x080035ac   0x080035ac   0x00000002   Code   RO         3334    i.HAL_TIMEx_BreakCallback  stm32f1xx_hal_tim_ex.o
    0x080035ae   0x080035ae   0x00000002   Code   RO         3335    i.HAL_TIMEx_CommutationCallback  stm32f1xx_hal_tim_ex.o
    0x080035b0   0x080035b0   0x00000062   Code   RO         3351    i.HAL_TIMEx_MasterConfigSynchronization  stm32f1xx_hal_tim_ex.o
    0x08003612   0x08003612   0x00000034   Code   RO         2695    i.HAL_TIM_Base_Init  stm32f1xx_hal_tim.o
    0x08003646   0x08003646   0x00000002   PAD
    0x08003648   0x08003648   0x00000044   Code   RO         1033    i.HAL_TIM_Base_MspInit  stm32f1xx_hal_msp.o
    0x0800368c   0x0800368c   0x0000001e   Code   RO         2700    i.HAL_TIM_Base_Start_IT  stm32f1xx_hal_tim.o
    0x080036aa   0x080036aa   0x00000002   Code   RO         2724    i.HAL_TIM_IC_CaptureCallback  stm32f1xx_hal_tim.o
    0x080036ac   0x080036ac   0x00000196   Code   RO         2737    i.HAL_TIM_IRQHandler  stm32f1xx_hal_tim.o
    0x08003842   0x08003842   0x00000002   Code   RO         2740    i.HAL_TIM_OC_DelayElapsedCallback  stm32f1xx_hal_tim.o
    0x08003844   0x08003844   0x00000002   Code   RO         2767    i.HAL_TIM_PWM_PulseFinishedCallback  stm32f1xx_hal_tim.o
    0x08003846   0x08003846   0x00000002   PAD
    0x08003848   0x08003848   0x00000018   Code   RO          811    i.HAL_TIM_PeriodElapsedCallback  main.o
    0x08003860   0x08003860   0x00000002   Code   RO         2778    i.HAL_TIM_TriggerCallback  stm32f1xx_hal_tim.o
    0x08003862   0x08003862   0x00000002   Code   RO         3588    i.HAL_UART_ErrorCallback  stm32f1xx_hal_uart.o
    0x08003864   0x08003864   0x0000014c   Code   RO         3591    i.HAL_UART_IRQHandler  stm32f1xx_hal_uart.o
    0x080039b0   0x080039b0   0x00000072   Code   RO         3592    i.HAL_UART_Init     stm32f1xx_hal_uart.o
    0x08003a22   0x08003a22   0x00000002   PAD
    0x08003a24   0x08003a24   0x00000170   Code   RO         1035    i.HAL_UART_MspInit  stm32f1xx_hal_msp.o
    0x08003b94   0x08003b94   0x000000de   Code   RO         3595    i.HAL_UART_Receive  stm32f1xx_hal_uart.o
    0x08003c72   0x08003c72   0x00000070   Code   RO         3597    i.HAL_UART_Receive_IT  stm32f1xx_hal_uart.o
    0x08003ce2   0x08003ce2   0x00000002   PAD
    0x08003ce4   0x08003ce4   0x000000b0   Code   RO          574    i.HAL_UART_RxCpltCallback  esp8266.o
    0x08003d94   0x08003d94   0x000000d6   Code   RO         3600    i.HAL_UART_Transmit  stm32f1xx_hal_uart.o
    0x08003e6a   0x08003e6a   0x00000002   Code   RO         3603    i.HAL_UART_TxCpltCallback  stm32f1xx_hal_uart.o
    0x08003e6c   0x08003e6c   0x0000005a   Code   RO          646    i.HPM_measure       honeywel_dust_meas.o
    0x08003ec6   0x08003ec6   0x00000004   Code   RO          919    i.HardFault_Handler  stm32f1xx_it.o
    0x08003eca   0x08003eca   0x00000034   Code   RO         1655    i.I2C_IsAcknowledgeFailed  stm32f1xx_hal_i2c.o
    0x08003efe   0x08003efe   0x00000002   PAD
    0x08003f00   0x08003f00   0x00000130   Code   RO         1658    i.I2C_MasterRequestRead  stm32f1xx_hal_i2c.o
    0x08004030   0x08004030   0x000000c0   Code   RO         1659    i.I2C_MasterRequestWrite  stm32f1xx_hal_i2c.o
    0x080040f0   0x080040f0   0x00000158   Code   RO         1665    i.I2C_RequestMemoryRead  stm32f1xx_hal_i2c.o
    0x08004248   0x08004248   0x000000e0   Code   RO         1666    i.I2C_RequestMemoryWrite  stm32f1xx_hal_i2c.o
    0x08004328   0x08004328   0x00000056   Code   RO         1674    i.I2C_WaitOnBTFFlagUntilTimeout  stm32f1xx_hal_i2c.o
    0x0800437e   0x0800437e   0x0000007c   Code   RO         1675    i.I2C_WaitOnFlagUntilTimeout  stm32f1xx_hal_i2c.o
    0x080043fa   0x080043fa   0x000000ac   Code   RO         1676    i.I2C_WaitOnMasterAddressFlagUntilTimeout  stm32f1xx_hal_i2c.o
    0x080044a6   0x080044a6   0x0000006e   Code   RO         1677    i.I2C_WaitOnRXNEFlagUntilTimeout  stm32f1xx_hal_i2c.o
    0x08004514   0x08004514   0x00000056   Code   RO         1679    i.I2C_WaitOnTXEFlagUntilTimeout  stm32f1xx_hal_i2c.o
    0x0800456a   0x0800456a   0x00000002   PAD
    0x0800456c   0x0800456c   0x00000034   Code   RO           15    i.LED_the_result_no_good  led_indicator.o
    0x080045a0   0x080045a0   0x00000024   Code   RO           16    i.LED_the_result_ok  led_indicator.o
    0x080045c4   0x080045c4   0x000000a4   Code   RO           17    i.LED_turn_OFF_RGB  led_indicator.o
    0x08004668   0x08004668   0x000000b8   Code   RO           18    i.LED_turn_ON_RGB   led_indicator.o
    0x08004720   0x08004720   0x00000018   Code   RO           19    i.LED_turn_off      led_indicator.o
    0x08004738   0x08004738   0x00000018   Code   RO           20    i.LED_turn_on       led_indicator.o
    0x08004750   0x08004750   0x00000058   Code   RO          812    i.MX_ADC1_Init      main.o
    0x080047a8   0x080047a8   0x000000b0   Code   RO          813    i.MX_GPIO_Init      main.o
    0x08004858   0x08004858   0x0000003c   Code   RO          814    i.MX_I2C1_Init      main.o
    0x08004894   0x08004894   0x00000028   Code   RO          815    i.MX_IWDG_Init      main.o
    0x080048bc   0x080048bc   0x00000078   Code   RO          816    i.MX_RTC_Init       main.o
    0x08004934   0x08004934   0x00000044   Code   RO          817    i.MX_SPI1_Init      main.o
    0x08004978   0x08004978   0x0000005c   Code   RO          818    i.MX_TIM6_Init      main.o
    0x080049d4   0x080049d4   0x00000038   Code   RO          819    i.MX_USART1_UART_Init  main.o
    0x08004a0c   0x08004a0c   0x00000038   Code   RO          820    i.MX_USART2_UART_Init  main.o
    0x08004a44   0x08004a44   0x00000038   Code   RO          821    i.MX_USART3_UART_Init  main.o
    0x08004a7c   0x08004a7c   0x00000004   Code   RO          920    i.MemManage_Handler  stm32f1xx_it.o
    0x08004a80   0x08004a80   0x00000002   Code   RO          921    i.NMI_Handler       stm32f1xx_it.o
    0x08004a82   0x08004a82   0x00000002   PAD
    0x08004a84   0x08004a84   0x00000010   Code   RO         4379    i.NVIC_GetPriorityGrouping  stm32f1xx_hal_cortex.o
    0x08004a94   0x08004a94   0x00000028   Code   RO         4380    i.NVIC_SetPriority  stm32f1xx_hal_cortex.o
    0x08004abc   0x08004abc   0x00000002   Code   RO          922    i.PendSV_Handler    stm32f1xx_it.o
    0x08004abe   0x08004abe   0x00000002   PAD
    0x08004ac0   0x08004ac0   0x00000028   Code   RO         4074    i.RCC_Delay         stm32f1xx_hal_rcc.o
    0x08004ae8   0x08004ae8   0x00000014   Code   RO          923    i.RTC_Alarm_IRQHandler  stm32f1xx_it.o
    0x08004afc   0x08004afc   0x00000016   Code   RO         2086    i.RTC_Bcd2ToByte    stm32f1xx_hal_rtc.o
    0x08004b12   0x08004b12   0x0000001a   Code   RO         2087    i.RTC_ByteToBcd2    stm32f1xx_hal_rtc.o
    0x08004b2c   0x08004b2c   0x000000b6   Code   RO         2088    i.RTC_DateUpdate    stm32f1xx_hal_rtc.o
    0x08004be2   0x08004be2   0x0000003a   Code   RO         2089    i.RTC_EnterInitMode  stm32f1xx_hal_rtc.o
    0x08004c1c   0x08004c1c   0x0000003a   Code   RO         2090    i.RTC_ExitInitMode  stm32f1xx_hal_rtc.o
    0x08004c56   0x08004c56   0x00000032   Code   RO         2091    i.RTC_IsLeapYear    stm32f1xx_hal_rtc.o
    0x08004c88   0x08004c88   0x00000018   Code   RO         2092    i.RTC_ReadAlarmCounter  stm32f1xx_hal_rtc.o
    0x08004ca0   0x08004ca0   0x00000034   Code   RO         2093    i.RTC_ReadTimeCounter  stm32f1xx_hal_rtc.o
    0x08004cd4   0x08004cd4   0x00000084   Code   RO         2094    i.RTC_WeekDayNum    stm32f1xx_hal_rtc.o
    0x08004d58   0x08004d58   0x0000002e   Code   RO         2095    i.RTC_WriteAlarmCounter  stm32f1xx_hal_rtc.o
    0x08004d86   0x08004d86   0x0000002e   Code   RO         2096    i.RTC_WriteTimeCounter  stm32f1xx_hal_rtc.o
    0x08004db4   0x08004db4   0x00000010   Code   RO          924    i.SPI2_IRQHandler   stm32f1xx_it.o
    0x08004dc4   0x08004dc4   0x00000014   Code   RO         2385    i.SPI_DMAAbortOnError  stm32f1xx_hal_spi.o
    0x08004dd8   0x08004dd8   0x00000002   Code   RO          925    i.SVC_Handler       stm32f1xx_it.o
    0x08004dda   0x08004dda   0x00000002   PAD
    0x08004ddc   0x08004ddc   0x0000003c   Code   RO          575    i.Server_request_data  esp8266.o
    0x08004e18   0x08004e18   0x00000002   Code   RO          926    i.SysTick_Handler   stm32f1xx_it.o
    0x08004e1a   0x08004e1a   0x0000008c   Code   RO          822    i.SystemClock_Config  main.o
    0x08004ea6   0x08004ea6   0x00000002   PAD
    0x08004ea8   0x08004ea8   0x00000058   Code   RO         4821    i.SystemInit        system_stm32f1xx.o
    0x08004f00   0x08004f00   0x00000010   Code   RO          927    i.TIM3_IRQHandler   stm32f1xx_it.o
    0x08004f10   0x08004f10   0x00000010   Code   RO          928    i.TIM6_IRQHandler   stm32f1xx_it.o
    0x08004f20   0x08004f20   0x00000098   Code   RO         2779    i.TIM_Base_SetConfig  stm32f1xx_hal_tim.o
    0x08004fb8   0x08004fb8   0x00000014   Code   RO         3605    i.UART_DMAAbortOnError  stm32f1xx_hal_uart.o
    0x08004fcc   0x08004fcc   0x00000020   Code   RO         3615    i.UART_EndRxTransfer  stm32f1xx_hal_uart.o
    0x08004fec   0x08004fec   0x00000020   Code   RO         3616    i.UART_EndTransmit_IT  stm32f1xx_hal_uart.o
    0x0800500c   0x0800500c   0x000000a6   Code   RO         3618    i.UART_Receive_IT   stm32f1xx_hal_uart.o
    0x080050b2   0x080050b2   0x00000002   PAD
    0x080050b4   0x080050b4   0x000001c8   Code   RO         3619    i.UART_SetConfig    stm32f1xx_hal_uart.o
    0x0800527c   0x0800527c   0x00000068   Code   RO         3620    i.UART_Transmit_IT  stm32f1xx_hal_uart.o
    0x080052e4   0x080052e4   0x0000006c   Code   RO         3621    i.UART_WaitOnFlagUntilTimeout  stm32f1xx_hal_uart.o
    0x08005350   0x08005350   0x00000028   Code   RO          929    i.USART3_IRQHandler  stm32f1xx_it.o
    0x08005378   0x08005378   0x00000004   Code   RO          930    i.UsageFault_Handler  stm32f1xx_it.o
    0x0800537c   0x0800537c   0x00000028   Code   RO         4915    i.__ARM_fpclassify  m_ws.l(fpclassify.o)
    0x080053a4   0x080053a4   0x000000aa   Code   RO         4917    i.__kernel_poly     m_ws.l(poly.o)
    0x0800544e   0x0800544e   0x00000002   PAD
    0x08005450   0x08005450   0x00000010   Code   RO         4901    i.__mathlib_dbl_divzero  m_ws.l(dunder.o)
    0x08005460   0x08005460   0x00000004   Code   RO         4903    i.__mathlib_dbl_infnan2  m_ws.l(dunder.o)
    0x08005464   0x08005464   0x0000000c   Code   RO         4904    i.__mathlib_dbl_invalid  m_ws.l(dunder.o)
    0x08005470   0x08005470   0x0000000e   Code   RO         4905    i.__mathlib_dbl_overflow  m_ws.l(dunder.o)
    0x0800547e   0x0800547e   0x00000002   PAD
    0x08005480   0x08005480   0x00000010   Code   RO         4907    i.__mathlib_dbl_underflow  m_ws.l(dunder.o)
    0x08005490   0x08005490   0x0000000e   Code   RO         4970    i.__scatterload_copy  mc_w.l(handlers.o)
    0x0800549e   0x0800549e   0x00000002   Code   RO         4971    i.__scatterload_null  mc_w.l(handlers.o)
    0x080054a0   0x080054a0   0x0000000e   Code   RO         4972    i.__scatterload_zeroinit  mc_w.l(handlers.o)
    0x080054ae   0x080054ae   0x00000002   PAD
    0x080054b0   0x080054b0   0x0000000c   Code   RO         4948    i.__set_errno       mc_w.l(errno.o)
    0x080054bc   0x080054bc   0x0000001c   Code   RO         1158    i.appValid          ccs811-hdc1080.o
    0x080054d8   0x080054d8   0x00000024   Code   RO         1159    i.checkForError     ccs811-hdc1080.o
    0x080054fc   0x080054fc   0x00000104   Code   RO          183    i.check_on_startup  check_on_statup.o
    0x08005600   0x08005600   0x000000a8   Code   RO         1160    i.configureCCS811   ccs811-hdc1080.o
    0x080056a8   0x080056a8   0x00000018   Code   RO         1162    i.disableInterrupts  ccs811-hdc1080.o
    0x080056c0   0x080056c0   0x0000008c   Code   RO          755    i.getO3             ozone.o
    0x0800574c   0x0800574c   0x00000058   Code   RO         1166    i.hdc1080_init      ccs811-hdc1080.o
    0x080057a4   0x080057a4   0x000000c4   Code   RO         1167    i.hdc1080_start_measurement  ccs811-hdc1080.o
    0x08005868   0x08005868   0x0000001e   Code   RO          647    i.hpmCalculateChecksum  honeywel_dust_meas.o
    0x08005886   0x08005886   0x0000009a   Code   RO          649    i.hpmGetComplexAckResponse  honeywel_dust_meas.o
    0x08005920   0x08005920   0x0000003e   Code   RO          650    i.hpmGetSimpleAckResponse  honeywel_dust_meas.o
    0x0800595e   0x0800595e   0x00000086   Code   RO          652    i.hpmReadResults    honeywel_dust_meas.o
    0x080059e4   0x080059e4   0x00000052   Code   RO          653    i.hpmSendCommand    honeywel_dust_meas.o
    0x08005a36   0x08005a36   0x00000036   Code   RO          655    i.hpmStartParticleMeasurement  honeywel_dust_meas.o
    0x08005a6c   0x08005a6c   0x00000036   Code   RO          656    i.hpmStopAutoSend   honeywel_dust_meas.o
    0x08005aa2   0x08005aa2   0x00000036   Code   RO          657    i.hpmStopParticleMeasurement  honeywel_dust_meas.o
    0x08005ad8   0x08005ad8   0x00000024   Code   RO          658    i.hpmUartRx         honeywel_dust_meas.o
    0x08005afc   0x08005afc   0x0000001c   Code   RO          659    i.hpmUartTx         honeywel_dust_meas.o
    0x08005b18   0x08005b18   0x000000c8   Code   RO          823    i.main              main.o
    0x08005be0   0x08005be0   0x000009d8   Code   RO         4855    i.pow               m_ws.l(pow.o)
    0x080065b8   0x080065b8   0x0000005c   Code   RO         1168    i.readAlgorithmResults  ccs811-hdc1080.o
    0x08006614   0x08006614   0x0000002c   Code   RO         1169    i.readRegister      ccs811-hdc1080.o
    0x08006640   0x08006640   0x00000074   Code   RO          756    i.readRs            ozone.o
    0x080066b4   0x080066b4   0x00000058   Code   RO          757    i.read_adc_value    ozone.o
    0x0800670c   0x0800670c   0x00000018   Code   RO          576    i.resend_command    esp8266.o
    0x08006724   0x08006724   0x000000fc   Code   RO          184    i.send_data_to_esp  check_on_statup.o
    0x08006820   0x08006820   0x00000080   Code   RO          338    i.sensirion_calc_absolute_humidity  svm30.o
    0x080068a0   0x080068a0   0x0000001e   Code   RO          339    i.sensirion_common_check_crc  svm30.o
    0x080068be   0x080068be   0x0000003a   Code   RO          340    i.sensirion_common_generate_crc  svm30.o
    0x080068f8   0x080068f8   0x0000005e   Code   RO          341    i.sensirion_fill_cmd_send_buf  svm30.o
    0x08006956   0x08006956   0x00000042   Code   RO          342    i.sensirion_i2c_delayed_read_cmd  svm30.o
    0x08006998   0x08006998   0x00000020   Code   RO          343    i.sensirion_i2c_read  svm30.o
    0x080069b8   0x080069b8   0x0000006c   Code   RO          344    i.sensirion_i2c_read_bytes  svm30.o
    0x08006a24   0x08006a24   0x00000040   Code   RO          345    i.sensirion_i2c_read_words  svm30.o
    0x08006a64   0x08006a64   0x00000020   Code   RO          346    i.sensirion_i2c_write  svm30.o
    0x08006a84   0x08006a84   0x0000001e   Code   RO          347    i.sensirion_i2c_write_cmd  svm30.o
    0x08006aa2   0x08006aa2   0x0000002c   Code   RO          348    i.sensirion_i2c_write_cmd_with_args  svm30.o
    0x08006ace   0x08006ace   0x00000002   PAD
    0x08006ad0   0x08006ad0   0x00000044   Code   RO         1172    i.setDriveMode      ccs811-hdc1080.o
    0x08006b14   0x08006b14   0x00000160   Code   RO         1173    i.setEnvironmentalData  ccs811-hdc1080.o
    0x08006c74   0x08006c74   0x00000032   Code   RO          349    i.sgp30_check_featureset  svm30.o
    0x08006ca6   0x08006ca6   0x00000034   Code   RO          350    i.sgp30_get_feature_set_version  svm30.o
    0x08006cda   0x08006cda   0x00000018   Code   RO          351    i.sgp30_iaq_init    svm30.o
    0x08006cf2   0x08006cf2   0x0000000e   Code   RO          352    i.sgp30_measure_iaq  svm30.o
    0x08006d00   0x08006d00   0x00000024   Code   RO          353    i.sgp30_measure_iaq_blocking_read  svm30.o
    0x08006d24   0x08006d24   0x00000016   Code   RO          356    i.sgp30_probe       svm30.o
    0x08006d3a   0x08006d3a   0x00000022   Code   RO          357    i.sgp30_read_iaq    svm30.o
    0x08006d5c   0x08006d5c   0x0000002e   Code   RO          359    i.sgp30_set_absolute_humidity  svm30.o
    0x08006d8a   0x08006d8a   0x00000002   PAD
    0x08006d8c   0x08006d8c   0x00000014   Code   RO          360    i.shtc1_measure     svm30.o
    0x08006da0   0x08006da0   0x00000022   Code   RO          361    i.shtc1_measure_blocking_read  svm30.o
    0x08006dc2   0x08006dc2   0x0000000e   Code   RO          362    i.shtc1_probe       svm30.o
    0x08006dd0   0x08006dd0   0x00000038   Code   RO          363    i.shtc1_read        svm30.o
    0x08006e08   0x08006e08   0x00000074   Code   RO          364    i.shtc1_read_serial  svm30.o
    0x08006e7c   0x08006e7c   0x0000000e   Code   RO          365    i.shtc1_wake_up     svm30.o
    0x08006e8a   0x08006e8a   0x0000004c   Code   RO         4921    i.sqrt              m_ws.l(sqrt.o)
    0x08006ed6   0x08006ed6   0x00000022   Code   RO          366    i.svm_compensate_rht  svm30.o
    0x08006ef8   0x08006ef8   0x0000004a   Code   RO          368    i.svm_measure_iaq_blocking_read  svm30.o
    0x08006f42   0x08006f42   0x00000014   Code   RO          370    i.svm_probe         svm30.o
    0x08006f56   0x08006f56   0x0000001c   Code   RO          371    i.svm_set_humidity  svm30.o
    0x08006f72   0x08006f72   0x00000002   PAD
    0x08006f74   0x08006f74   0x00000258   Code   RO          185    i.task_every_5_min  check_on_statup.o
    0x080071cc   0x080071cc   0x00000028   Code   RO         1176    i.writeRegister     ccs811-hdc1080.o
    0x080071f4   0x080071f4   0x0000002a   Data   RO          372    .constdata          svm30.o
    0x0800721e   0x0800721e   0x00000018   Data   RO         4822    .constdata          system_stm32f1xx.o
    0x08007236   0x08007236   0x00000002   PAD
    0x08007238   0x08007238   0x00000088   Data   RO         4856    .constdata          m_ws.l(pow.o)
    0x080072c0   0x080072c0   0x00000008   Data   RO         4919    .constdata          m_ws.l(qnan.o)
    0x080072c8   0x080072c8   0x00000020   Data   RO         4968    Region$$Table       anon$$obj.o


    Execution Region RW_IRAM1 (Exec base: 0x20000000, Load base: 0x080072e8, Size: 0x000007d0, Max: 0x0000c000, ABSOLUTE)

    Exec Addr    Load Addr    Size         Type   Attr      Idx    E Section Name        Object

    0x20000000   0x080072e8   0x0000001c   Data   RW          187    .data               check_on_statup.o
    0x2000001c   0x08007304   0x00000008   Data   RW          373    .data               svm30.o
    0x20000024   0x0800730c   0x00000009   Data   RW          578    .data               esp8266.o
    0x2000002d   0x08007315   0x00000003   PAD
    0x20000030   0x08007318   0x0000001c   Data   RW          825    .data               main.o
    0x2000004c   0x08007334   0x00000024   Data   RW         1177    .data               ccs811-hdc1080.o
    0x20000070   0x08007358   0x00000009   Data   RW         3921    .data               stm32f1xx_hal.o
    0x20000079   0x08007361   0x00000003   PAD
    0x2000007c   0x08007364   0x00000004   Data   RW         4823    .data               system_stm32f1xx.o
    0x20000080   0x08007368   0x00000004   Data   RW         4949    .data               mc_w.l(errno.o)
    0x20000084        -       0x000000a8   Zero   RW          186    .bss                check_on_statup.o
    0x2000012c        -       0x0000000e   Zero   RW          577    .bss                esp8266.o
    0x2000013a   0x0800736c   0x00000002   PAD
    0x2000013c        -       0x00000254   Zero   RW          824    .bss                main.o
    0x20000390        -       0x00000040   Zero   RW         1122    .bss                stm32f1xx_hal_timebase_tim.o
    0x200003d0        -       0x00000400   Zero   RW            1    STACK               startup_stm32f103xe.o


==============================================================================

Image component sizes


      Code (inc. data)   RO Data    RW Data    ZI Data      Debug   Object Name

      1136         98          0         36          0       8070   ccs811-hdc1080.o
      1112         62          0         28        168     510772   check_on_statup.o
       658         80          0          9         14       6926   esp8266.o
       778          8          0          0          0       8665   honeywel_dust_meas.o
       484         40          0          0          0     518031   led_indicator.o
      1354        146          0         28        596       9798   main.o
       344         62          0          0          0       1950   ozone.o
        36          8        304          0       1024        828   startup_stm32f103xe.o
       116         24          0          9          0       6026   stm32f1xx_hal.o
      1294         46          0          0          0       6163   stm32f1xx_hal_adc.o
       246         22          0          0          0      25630   stm32f1xx_hal_cortex.o
       424         10          0          0          0       1275   stm32f1xx_hal_dma.o
       844         42          0          0          0       2744   stm32f1xx_hal_gpio.o
      4538         84          0          0          0      16017   stm32f1xx_hal_i2c.o
        94          0          0          0          0       1767   stm32f1xx_hal_iwdg.o
       964         92          0          0          0       5176   stm32f1xx_hal_msp.o
        12          4          0          0          0        539   stm32f1xx_hal_pwr.o
      1884        118          0          0          0       6801   stm32f1xx_hal_rcc.o
       620         46          0          0          0       2501   stm32f1xx_hal_rcc_ex.o
      2016         30          0          0          0      14158   stm32f1xx_hal_rtc.o
        58          0          0          0          0       1089   stm32f1xx_hal_rtc_ex.o
       302          4          0          0          0       2577   stm32f1xx_hal_spi.o
       134          0          0          0          0       1107   stm32f1xx_hal_spi_ex.o
       648         20          0          0          0       5643   stm32f1xx_hal_tim.o
       102          0          0          0          0       2354   stm32f1xx_hal_tim_ex.o
       136         18          0          0         64       1511   stm32f1xx_hal_timebase_tim.o
      1916         12          0          0          0      10814   stm32f1xx_hal_uart.o
       134         26          0          0          0       6411   stm32f1xx_it.o
      1374         28         42          8          0      20158   svm30.o
        88         18         24          4          0       1235   system_stm32f1xx.o

    ----------------------------------------------------------------------
     23890       1148        404        128       1868    1206736   Object Totals
         0          0         32          0          0          0   (incl. Generated)
        44          0          2          6          2          0   (incl. Padding)

    ----------------------------------------------------------------------

      Code (inc. data)   RO Data    RW Data    ZI Data      Debug   Library Member Name

        62         10          0          0          0        340   dunder.o
        40          0          0          0          0         68   fpclassify.o
       170          0          0          0          0         96   poly.o
      2520        190        136          0          0        324   pow.o
         0          0          8          0          0          0   qnan.o
        76          0          0          0          0         84   sqrt.o
         0          0          0          0          0          0   entry.o
         0          0          0          0          0          0   entry10a.o
         0          0          0          0          0          0   entry11a.o
         8          4          0          0          0          0   entry2.o
         4          0          0          0          0          0   entry5.o
         0          0          0          0          0          0   entry7b.o
         0          0          0          0          0          0   entry8b.o
         8          4          0          0          0          0   entry9a.o
        12          6          0          4          0         68   errno.o
        30          0          0          0          0          0   handlers.o
        36          8          0          0          0         68   init.o
         0          0          0          0          0          0   iusefp.o
        30          0          0          0          0         68   llshl.o
        36          0          0          0          0         68   llsshr.o
        32          0          0          0          0         68   llushr.o
        36          0          0          0          0         68   memcpya.o
        36          0          0          0          0        108   memseta.o
        48          0          0          0          0         68   cdrcmple.o
        20          0          0          0          0         68   cfcmple.o
        56          0          0          0          0         88   d2f.o
       334          0          0          0          0        148   dadd.o
       222          0          0          0          0        100   ddiv.o
       186          0          0          0          0        176   depilogue.o
        34          0          0          0          0         76   dflti.o
        26          0          0          0          0         76   dfltui.o
       228          0          0          0          0         96   dmul.o
        46          0          0          0          0         80   dscalb.o
       162          0          0          0          0        100   dsqrt.o
        38          0          0          0          0         68   f2d.o
       124          0          0          0          0         88   fdiv.o
       110          0          0          0          0        168   fepilogue.o
        50          0          0          0          0         68   ffixi.o
        40          0          0          0          0         68   ffixui.o
        10          0          0          0          0         68   ffltui.o
       100          0          0          0          0         76   fmul.o

    ----------------------------------------------------------------------
      4978        222        144          4          0       3108   Library Totals
         8          0          0          0          0          0   (incl. Padding)

    ----------------------------------------------------------------------

      Code (inc. data)   RO Data    RW Data    ZI Data      Debug   Library Name

      2868        200        144          0          0        912   m_ws.l
       268         22          0          4          0        516   mc_w.l
      1834          0          0          0          0       1680   mf_w.l

    ----------------------------------------------------------------------
      4978        222        144          4          0       3108   Library Totals

    ----------------------------------------------------------------------

==============================================================================


      Code (inc. data)   RO Data    RW Data    ZI Data      Debug   

     28868       1370        548        132       1868    1197932   Grand Totals
     28868       1370        548        132       1868    1197932   ELF Image Totals
     28868       1370        548        132          0          0   ROM Totals

==============================================================================

    Total RO  Size (Code + RO Data)                29416 (  28.73kB)
    Total RW  Size (RW Data + ZI Data)              2000 (   1.95kB)
    Total ROM Size (Code + RO Data + RW Data)      29548 (  28.86kB)

==============================================================================

