<html>
<body>
<pre>
<h1>µVision Build Log</h1>
<h2>Tool Versions:</h2>
IDE-Version: µVision V5.27.0.0
Copyright (C) 2018 ARM Ltd and ARM Germany GmbH. All rights reserved.
License Information: ca chep, 122, LIC=21EWF-6RCHR-MLJCI-TMWG3-WLZ2Z-9TCWI
 
Tool Versions:
Toolchain:       MDK-ARM Plus  Version: 5.27.0.0
Toolchain Path:  H:\TIN HOC\ARM\Keil\ARM\ARMCC\Bin
C Compiler:      Armcc.exe V5.06 update 6 (build 750)
Assembler:       Armasm.exe V5.06 update 6 (build 750)
Linker/Locator:  ArmLink.exe V5.06 update 6 (build 750)
Library Manager: ArmAr.exe V5.06 update 6 (build 750)
Hex Converter:   FromElf.exe V5.06 update 6 (build 750)
CPU DLL:         SARMCM3.DLL V5.27.0.0
Dialog DLL:      DCM.DLL V1.17.2.0
Target DLL:      STLink\ST-LINKIII-KEIL_SWO.dll V3.0.5.0
Dialog DLL:      TCM.DLL V1.36.1.0
 
<h2>Project:</h2>
I:\DIEN TU\PROJECT 7 DAY\Project 7_bo do chat luong khong khi 18.9\Code-MCU\MDK-ARM\code mcu stm32.uvprojx
Project File Date:  12/27/2019

<h2>Output:</h2>
*** Using Compiler 'V5.06 update 6 (build 750)', folder: 'H:\TIN HOC\ARM\Keil\ARM\ARMCC\Bin'
Build target 'code mcu stm32'
compiling CCS811-HDC1080.c...
..\Src\CCS811-HDC1080.c(342): warning:  #550-D: variable "status"  was set but never used
  		HAL_StatusTypeDef status = HAL_OK;
..\Src\CCS811-HDC1080.c: 1 warning, 0 errors
linking...
Program Size: Code=28868 RO-data=548 RW-data=132 ZI-data=1868  
FromELF: creating hex file...
"code mcu stm32\code mcu stm32.axf" - 0 Error(s), 1 Warning(s).

<h2>Software Packages used:</h2>

Package Vendor: ARM
                http://www.keil.com/pack/ARM.CMSIS.5.4.0.pack
                ARM.CMSIS.5.4.0
                CMSIS (Cortex Microcontroller Software Interface Standard)
   * Component: CORE Version: 5.1.2

Package Vendor: Keil
                http://www.keil.com/pack/Keil.STM32F1xx_DFP.2.3.0.pack
                Keil.STM32F1xx_DFP.2.3.0
                STMicroelectronics STM32F1 Series Device Support, Drivers and Examples

<h2>Collection of Component include folders:</h2>
  .\RTE\_code_mcu_stm32
  H:\TIN HOC\ARM\Keil\ARM\PACK\ARM\CMSIS\5.4.0\CMSIS\Core\Include
  H:\TIN HOC\ARM\Keil\ARM\PACK\Keil\STM32F1xx_DFP\2.3.0\Device\Include

<h2>Collection of Component Files used:</h2>

   * Component: ARM::CMSIS:CORE:5.1.2
Build Time Elapsed:  00:00:09
</pre>
</body>
</html>
